Archive member included because of file (symbol)

c:/program files (x86)/atmel/studio/7.0/toolchain/arm/arm-gnu-toolchain/bin/../lib/gcc/arm-none-eabi/4.9.3/../../../../arm-none-eabi/lib/armv7e-m\libc.a(lib_a-exit.o)
                              c:/program files (x86)/atmel/studio/7.0/toolchain/arm/arm-gnu-toolchain/bin/../lib/gcc/arm-none-eabi/4.9.3/../../../../arm-none-eabi/lib/armv7e-m/crt0.o (exit)
c:/program files (x86)/atmel/studio/7.0/toolchain/arm/arm-gnu-toolchain/bin/../lib/gcc/arm-none-eabi/4.9.3/../../../../arm-none-eabi/lib/armv7e-m\libc.a(lib_a-impure.o)
                              c:/program files (x86)/atmel/studio/7.0/toolchain/arm/arm-gnu-toolchain/bin/../lib/gcc/arm-none-eabi/4.9.3/../../../../arm-none-eabi/lib/armv7e-m\libc.a(lib_a-exit.o) (_global_impure_ptr)
c:/program files (x86)/atmel/studio/7.0/toolchain/arm/arm-gnu-toolchain/bin/../lib/gcc/arm-none-eabi/4.9.3/../../../../arm-none-eabi/lib/armv7e-m\libc.a(lib_a-init.o)
                              c:/program files (x86)/atmel/studio/7.0/toolchain/arm/arm-gnu-toolchain/bin/../lib/gcc/arm-none-eabi/4.9.3/../../../../arm-none-eabi/lib/armv7e-m/crt0.o (__libc_init_array)
c:/program files (x86)/atmel/studio/7.0/toolchain/arm/arm-gnu-toolchain/bin/../lib/gcc/arm-none-eabi/4.9.3/../../../../arm-none-eabi/lib/armv7e-m\libc.a(lib_a-iprintf.o)
                              src/ASF/sam/utils/syscalls/gcc/syscalls.o (iprintf)
c:/program files (x86)/atmel/studio/7.0/toolchain/arm/arm-gnu-toolchain/bin/../lib/gcc/arm-none-eabi/4.9.3/../../../../arm-none-eabi/lib/armv7e-m\libc.a(lib_a-memset.o)
                              c:/program files (x86)/atmel/studio/7.0/toolchain/arm/arm-gnu-toolchain/bin/../lib/gcc/arm-none-eabi/4.9.3/../../../../arm-none-eabi/lib/armv7e-m/crt0.o (memset)
c:/program files (x86)/atmel/studio/7.0/toolchain/arm/arm-gnu-toolchain/bin/../lib/gcc/arm-none-eabi/4.9.3/../../../../arm-none-eabi/lib/armv7e-m\libc.a(lib_a-setbuf.o)
                              src/ili93xx_example.o (setbuf)
c:/program files (x86)/atmel/studio/7.0/toolchain/arm/arm-gnu-toolchain/bin/../lib/gcc/arm-none-eabi/4.9.3/../../../../arm-none-eabi/lib/armv7e-m\libc.a(lib_a-setvbuf.o)
                              c:/program files (x86)/atmel/studio/7.0/toolchain/arm/arm-gnu-toolchain/bin/../lib/gcc/arm-none-eabi/4.9.3/../../../../arm-none-eabi/lib/armv7e-m\libc.a(lib_a-setbuf.o) (setvbuf)
c:/program files (x86)/atmel/studio/7.0/toolchain/arm/arm-gnu-toolchain/bin/../lib/gcc/arm-none-eabi/4.9.3/../../../../arm-none-eabi/lib/armv7e-m\libc.a(lib_a-sprintf.o)
                              src/ili93xx_example.o (sprintf)
c:/program files (x86)/atmel/studio/7.0/toolchain/arm/arm-gnu-toolchain/bin/../lib/gcc/arm-none-eabi/4.9.3/../../../../arm-none-eabi/lib/armv7e-m\libc.a(lib_a-svfprintf.o)
                              c:/program files (x86)/atmel/studio/7.0/toolchain/arm/arm-gnu-toolchain/bin/../lib/gcc/arm-none-eabi/4.9.3/../../../../arm-none-eabi/lib/armv7e-m\libc.a(lib_a-sprintf.o) (_svfprintf_r)
c:/program files (x86)/atmel/studio/7.0/toolchain/arm/arm-gnu-toolchain/bin/../lib/gcc/arm-none-eabi/4.9.3/../../../../arm-none-eabi/lib/armv7e-m\libc.a(lib_a-vfiprintf.o)
                              c:/program files (x86)/atmel/studio/7.0/toolchain/arm/arm-gnu-toolchain/bin/../lib/gcc/arm-none-eabi/4.9.3/../../../../arm-none-eabi/lib/armv7e-m\libc.a(lib_a-iprintf.o) (_vfiprintf_r)
c:/program files (x86)/atmel/studio/7.0/toolchain/arm/arm-gnu-toolchain/bin/../lib/gcc/arm-none-eabi/4.9.3/../../../../arm-none-eabi/lib/armv7e-m\libc.a(lib_a-wsetup.o)
                              c:/program files (x86)/atmel/studio/7.0/toolchain/arm/arm-gnu-toolchain/bin/../lib/gcc/arm-none-eabi/4.9.3/../../../../arm-none-eabi/lib/armv7e-m\libc.a(lib_a-vfiprintf.o) (__swsetup_r)
c:/program files (x86)/atmel/studio/7.0/toolchain/arm/arm-gnu-toolchain/bin/../lib/gcc/arm-none-eabi/4.9.3/../../../../arm-none-eabi/lib/armv7e-m\libc.a(lib_a-__call_atexit.o)
                              c:/program files (x86)/atmel/studio/7.0/toolchain/arm/arm-gnu-toolchain/bin/../lib/gcc/arm-none-eabi/4.9.3/../../../../arm-none-eabi/lib/armv7e-m\libc.a(lib_a-exit.o) (__call_exitprocs)
c:/program files (x86)/atmel/studio/7.0/toolchain/arm/arm-gnu-toolchain/bin/../lib/gcc/arm-none-eabi/4.9.3/../../../../arm-none-eabi/lib/armv7e-m\libc.a(lib_a-atexit.o)
                              c:/program files (x86)/atmel/studio/7.0/toolchain/arm/arm-gnu-toolchain/bin/../lib/gcc/arm-none-eabi/4.9.3/../../../../arm-none-eabi/lib/armv7e-m\libc.a(lib_a-__call_atexit.o) (atexit)
c:/program files (x86)/atmel/studio/7.0/toolchain/arm/arm-gnu-toolchain/bin/../lib/gcc/arm-none-eabi/4.9.3/../../../../arm-none-eabi/lib/armv7e-m\libc.a(lib_a-dtoa.o)
                              c:/program files (x86)/atmel/studio/7.0/toolchain/arm/arm-gnu-toolchain/bin/../lib/gcc/arm-none-eabi/4.9.3/../../../../arm-none-eabi/lib/armv7e-m\libc.a(lib_a-svfprintf.o) (_dtoa_r)
[...]
Memory Configuration

Name             Origin             Length             Attributes
rom              0x00400000         0x00200000         xr
ram              0x20000000         0x00028000         xrw
*default*        0x00000000         0xffffffff

Linker script and memory map

LOAD c:/program files (x86)/atmel/studio/7.0/toolchain/arm/arm-gnu-toolchain/bin/../lib/gcc/arm-none-eabi/4.9.3/armv7e-m/crti.o
LOAD c:/program files (x86)/atmel/studio/7.0/toolchain/arm/arm-gnu-toolchain/bin/../lib/gcc/arm-none-eabi/4.9.3/armv7e-m/crtbegin.o
LOAD c:/program files (x86)/atmel/studio/7.0/toolchain/arm/arm-gnu-toolchain/bin/../lib/gcc/arm-none-eabi/4.9.3/../../../../arm-none-eabi/lib/armv7e-m/crt0.o
LOAD src/ASF/common/services/clock/sam4s/sysclk.o
LOAD src/ASF/common/services/serial/usart_serial.o
LOAD src/ASF/common/utils/interrupt/interrupt_sam_nvic.o
LOAD src/ASF/common/utils/stdio/read.o
LOAD src/ASF/common/utils/stdio/write.o
LOAD src/ASF/sam/boards/sam4s_ek2/init.o
LOAD src/ASF/sam/boards/sam4s_ek2/led.o
LOAD src/ASF/sam/components/display/aat31xx/aat31xx.o
LOAD src/ASF/sam/components/display/ili93xx/ili93xx.o
LOAD src/ASF/sam/drivers/ebi/smc/smc.o
LOAD src/ASF/sam/drivers/pio/pio.o
LOAD src/ASF/sam/drivers/pio/pio_handler.o
LOAD src/ASF/sam/drivers/pmc/pmc.o
LOAD src/ASF/sam/drivers/pmc/sleep.o
LOAD src/ASF/sam/drivers/tc/tc.o
LOAD src/ASF/sam/drivers/uart/uart.o
LOAD src/ASF/sam/drivers/usart/usart.o
LOAD src/ASF/sam/utils/cmsis/sam4s/source/templates/gcc/startup_sam4s.o
LOAD src/ASF/sam/utils/cmsis/sam4s/source/templates/system_sam4s.o
LOAD src/ASF/sam/utils/syscalls/gcc/syscalls.o
LOAD src/ili93xx_example.o
START GROUP
LOAD ../src/ASF/thirdparty/CMSIS/Lib/GCC\libarm_cortexM4l_math.a
LOAD c:/program files (x86)/atmel/studio/7.0/toolchain/arm/arm-gnu-toolchain/bin/../lib/gcc/arm-none-eabi/4.9.3/../../../../arm-none-eabi/lib/armv7e-m\libm.a
END GROUP
START GROUP
LOAD c:/program files (x86)/atmel/studio/7.0/toolchain/arm/arm-gnu-toolchain/bin/../lib/gcc/arm-none-eabi/4.9.3/armv7e-m\libgcc.a
LOAD c:/program files (x86)/atmel/studio/7.0/toolchain/arm/arm-gnu-toolchain/bin/../lib/gcc/arm-none-eabi/4.9.3/../../../../arm-none-eabi/lib/armv7e-m\libc.a
END GROUP
LOAD c:/program files (x86)/atmel/studio/7.0/toolchain/arm/arm-gnu-toolchain/bin/../lib/gcc/arm-none-eabi/4.9.3/armv7e-m/crtend.o
LOAD c:/program files (x86)/atmel/studio/7.0/toolchain/arm/arm-gnu-toolchain/bin/../lib/gcc/arm-none-eabi/4.9.3/armv7e-m/crtn.o
                0x00003000                __stack_size__ = DEFINED (__stack_size__)?__stack_size__:0x3000
                0x20027ffc                __ram_end__ = ((ORIGIN (ram) + 0x28000) - 0x4)

.text           0x00400000     0x7654
                0x00400000                . = ALIGN (0x4)
                0x00400000                _sfixed = .
 *(.vectors .vectors.*)
 .vectors       0x00400000       0xcc src/ASF/sam/utils/cmsis/sam4s/source/templates/gcc/startup_sam4s.o
                0x00400000                exception_table
 *(.text .text.* .gnu.linkonce.t.*)
 .text          0x004000cc       0x5c c:/program files (x86)/atmel/studio/7.0/toolchain/arm/arm-gnu-toolchain/bin/../lib/gcc/arm-none-eabi/4.9.3/armv7e-m/crtbegin.o
 .text.sysclk_init
                0x00400128       0x64 src/ASF/common/services/clock/sam4s/sysclk.o
                0x00400128                sysclk_init
 .text._read    0x0040018c       0x3c src/ASF/common/utils/stdio/read.o
                0x0040018c                _read
 .text._write   0x004001c8       0x50 src/ASF/common/utils/stdio/write.o
                0x004001c8                _write
 .text.board_init
                0x00400218       0xb8 src/ASF/sam/boards/sam4s_ek2/init.o
                0x00400218                board_init
 .text.aat31xx_set_backlight
                0x004002d0       0x5c src/ASF/sam/components/display/aat31xx/aat31xx.o
                0x004002d0                aat31xx_set_backlight
 .text.aat31xx_disable_backlight
                0x0040032c       0x24 src/ASF/sam/components/display/aat31xx/aat31xx.o
                0x0040032c                aat31xx_disable_backlight
 .text.ili93xx_write_ram_prepare
                0x00400350       0x30 src/ASF/sam/components/display/ili93xx/ili93xx.o
 .text.ili93xx_write_ram
                0x00400380       0x18 src/ASF/sam/components/display/ili93xx/ili93xx.o
 .text.ili93xx_write_ram_buffer
                0x00400398       0x60 src/ASF/sam/components/display/ili93xx/ili93xx.o
 .text.ili93xx_write_register_word
                0x004003f8       0x18 src/ASF/sam/components/display/ili93xx/ili93xx.o
 .text.ili93xx_write_register
                0x00400410       0x2c src/ASF/sam/components/display/ili93xx/ili93xx.o
 .text.ili93xx_delay
                0x0040043c       0x38 src/ASF/sam/components/display/ili93xx/ili93xx.o
 .text.ili93xx_check_box_coordinates
                0x00400474       0x60 src/ASF/sam/components/display/ili93xx/ili93xx.o
 .text.ili93xx_device_type_identify
                0x004004d4       0x7c src/ASF/sam/components/display/ili93xx/ili93xx.o
                0x004004d4                ili93xx_device_type_identify
 .text.ili93xx_display_on
                0x00400550       0x34 src/ASF/sam/components/display/ili93xx/ili93xx.o
                0x00400550                ili93xx_display_on
 .text.ili93xx_set_foreground_color
                0x00400584       0x18 src/ASF/sam/components/display/ili93xx/ili93xx.o
                0x00400584                ili93xx_set_foreground_color
 .text.ili93xx_set_window
                0x0040059c       0xa4 src/ASF/sam/components/display/ili93xx/ili93xx.o
                0x0040059c                ili93xx_set_window
 .text.ili93xx_set_cursor_position
                0x00400640       0x24 src/ASF/sam/components/display/ili93xx/ili93xx.o
                0x00400640                ili93xx_set_cursor_position
 .text.ili93xx_init
                0x00400664      0x2e4 src/ASF/sam/components/display/ili93xx/ili93xx.o
                0x00400664                ili93xx_init
 .text.ili93xx_draw_pixel
                0x00400948       0x7c src/ASF/sam/components/display/ili93xx/ili93xx.o
                0x00400948                ili93xx_draw_pixel
 .text.ili93xx_draw_filled_rectangle
                0x004009c4       0xc4 src/ASF/sam/components/display/ili93xx/ili93xx.o
                0x004009c4                ili93xx_draw_filled_rectangle
 .text.ili93xx_draw_string
                0x00400a88       0xac src/ASF/sam/components/display/ili93xx/ili93xx.o
                0x00400a88                ili93xx_draw_string
 .text.smc_set_setup_timing
                0x00400b34        0x8 src/ASF/sam/drivers/ebi/smc/smc.o
                0x00400b34                smc_set_setup_timing
 .text.smc_set_pulse_timing
                0x00400b3c        0x8 src/ASF/sam/drivers/ebi/smc/smc.o
                0x00400b3c                smc_set_pulse_timing
 .text.smc_set_cycle_timing
                0x00400b44        0x8 src/ASF/sam/drivers/ebi/smc/smc.o
                0x00400b44                smc_set_cycle_timing
 .text.smc_set_mode
                0x00400b4c        0x8 src/ASF/sam/drivers/ebi/smc/smc.o
                0x00400b4c                smc_set_mode
 .text.pio_set_debounce_filter
                0x00400b54       0x1c src/ASF/sam/drivers/pio/pio.o
                0x00400b54                pio_set_debounce_filter
 .text.pio_set_peripheral
                0x00400b70       0x94 src/ASF/sam/drivers/pio/pio.o
                0x00400b70                pio_set_peripheral
 .text.pio_set_input
                0x00400c04       0x34 src/ASF/sam/drivers/pio/pio.o
                0x00400c04                pio_set_input
 .text.pio_set_output
                0x00400c38       0x28 src/ASF/sam/drivers/pio/pio.o
                0x00400c38                pio_set_output
 .text.pio_configure_interrupt
                0x00400c60       0x30 src/ASF/sam/drivers/pio/pio.o
                0x00400c60                pio_configure_interrupt
 .text.pio_enable_interrupt
                0x00400c90        0x8 src/ASF/sam/drivers/pio/pio.o
                0x00400c90                pio_enable_interrupt
 .text.pio_get_interrupt_status
                0x00400c98        0x4 src/ASF/sam/drivers/pio/pio.o
                0x00400c98                pio_get_interrupt_status
 .text.pio_get_interrupt_mask
                0x00400c9c        0x4 src/ASF/sam/drivers/pio/pio.o
                0x00400c9c                pio_get_interrupt_mask
 .text.pio_configure_pin
                0x00400ca0      0x124 src/ASF/sam/drivers/pio/pio.o
                0x00400ca0                pio_configure_pin
 .text.pio_configure_pin_group
                0x00400dc4       0xdc src/ASF/sam/drivers/pio/pio.o
                0x00400dc4                pio_configure_pin_group
 .text.pio_handler_process
                0x00400ea0       0x68 src/ASF/sam/drivers/pio/pio_handler.o
                0x00400ea0                pio_handler_process
 .text.pio_handler_set
                0x00400f08       0x40 src/ASF/sam/drivers/pio/pio_handler.o
                0x00400f08                pio_handler_set
 .text.PIOA_Handler
                0x00400f48       0x14 src/ASF/sam/drivers/pio/pio_handler.o
                0x00400f48                PIOA_Handler
 .text.PIOB_Handler
                0x00400f5c       0x14 src/ASF/sam/drivers/pio/pio_handler.o
                0x00400f5c                PIOB_Handler
 .text.PIOC_Handler
                0x00400f70       0x14 src/ASF/sam/drivers/pio/pio_handler.o
                0x00400f70                PIOC_Handler
 .text.pmc_switch_mck_to_pllack
                0x00400f84       0x68 src/ASF/sam/drivers/pmc/pmc.o
                0x00400f84                pmc_switch_mck_to_pllack
 .text.pmc_switch_mainck_to_xtal
                0x00400fec       0x54 src/ASF/sam/drivers/pmc/pmc.o
                0x00400fec                pmc_switch_mainck_to_xtal
 .text.pmc_osc_is_ready_mainck
                0x00401040       0x10 src/ASF/sam/drivers/pmc/pmc.o
                0x00401040                pmc_osc_is_ready_mainck
 .text.pmc_disable_pllack
                0x00401050       0x10 src/ASF/sam/drivers/pmc/pmc.o
                0x00401050                pmc_disable_pllack
 .text.pmc_is_locked_pllack
                0x00401060       0x10 src/ASF/sam/drivers/pmc/pmc.o
                0x00401060                pmc_is_locked_pllack
 .text.pmc_disable_pllbck
                0x00401070        0xc src/ASF/sam/drivers/pmc/pmc.o
                0x00401070                pmc_disable_pllbck
 .text.pmc_enable_periph_clk
                0x0040107c       0x54 src/ASF/sam/drivers/pmc/pmc.o
                0x0040107c                pmc_enable_periph_clk
 .text.pmc_set_flash_in_wait_mode
                0x004010d0        0xc src/ASF/sam/drivers/pmc/pmc.o
                0x004010d0                pmc_set_flash_in_wait_mode
 .text.pmc_enable_waitmode
                0x004010dc       0x50 src/ASF/sam/drivers/pmc/pmc.o
                0x004010dc                pmc_enable_waitmode
 .text.pmc_sleep
                0x0040112c      0x2b4 src/ASF/sam/drivers/pmc/sleep.o
                0x0040112c                pmc_sleep
 .text.tc_init  0x004013e0       0x1c src/ASF/sam/drivers/tc/tc.o
                0x004013e0                tc_init
 .text.tc_start
                0x004013fc        0x8 src/ASF/sam/drivers/tc/tc.o
                0x004013fc                tc_start
 .text.tc_write_rc
                0x00401404        0x8 src/ASF/sam/drivers/tc/tc.o
                0x00401404                tc_write_rc
 .text.tc_enable_interrupt
                0x0040140c        0x8 src/ASF/sam/drivers/tc/tc.o
                0x0040140c                tc_enable_interrupt
 .text.tc_get_status
                0x00401414        0x8 src/ASF/sam/drivers/tc/tc.o
                0x00401414                tc_get_status
 .text.uart_init
                0x0040141c       0x38 src/ASF/sam/drivers/uart/uart.o
                0x0040141c                uart_init
 .text.uart_write
                0x00401454       0x10 src/ASF/sam/drivers/uart/uart.o
                0x00401454                uart_write
 .text.uart_read
                0x00401464       0x14 src/ASF/sam/drivers/uart/uart.o
                0x00401464                uart_read
 .text.usart_write
                0x00401478       0x14 src/ASF/sam/drivers/usart/usart.o
                0x00401478                usart_write
 .text.usart_read
                0x0040148c       0x18 src/ASF/sam/drivers/usart/usart.o
                0x0040148c                usart_read
 .text.Dummy_Handler
                0x004014a4        0x4 src/ASF/sam/utils/cmsis/sam4s/source/templates/gcc/startup_sam4s.o
                0x004014a4                DACC_Handler
                0x004014a4                DebugMon_Handler
                0x004014a4                HardFault_Handler
                0x004014a4                TC2_Handler
                0x004014a4                SPI_Handler
                0x004014a4                SysTick_Handler
                0x004014a4                TWI1_Handler
                0x004014a4                PendSV_Handler
                0x004014a4                NMI_Handler
                0x004014a4                ADC_Handler
                0x004014a4                CRCCU_Handler
                0x004014a4                USART0_Handler
                0x004014a4                RTT_Handler
                0x004014a4                EFC1_Handler
                0x004014a4                RTC_Handler
                0x004014a4                UsageFault_Handler
                0x004014a4                WDT_Handler
                0x004014a4                TC4_Handler
                0x004014a4                TC1_Handler
                0x004014a4                HSMCI_Handler
                0x004014a4                UART1_Handler
                0x004014a4                TC3_Handler
                0x004014a4                Dummy_Handler
                0x004014a4                TWI0_Handler
                0x004014a4                USART1_Handler
                0x004014a4                SSC_Handler
                0x004014a4                EFC0_Handler
                0x004014a4                ACC_Handler
                0x004014a4                PMC_Handler
                0x004014a4                PWM_Handler
                0x004014a4                MemManage_Handler
                0x004014a4                SUPC_Handler
                0x004014a4                SVC_Handler
                0x004014a4                UART0_Handler
                0x004014a4                UDP_Handler
                0x004014a4                BusFault_Handler
                0x004014a4                RSTC_Handler
                0x004014a4                TC5_Handler
 .text.Reset_Handler
                0x004014a8       0xb0 src/ASF/sam/utils/cmsis/sam4s/source/templates/gcc/startup_sam4s.o
                0x004014a8                Reset_Handler
 .text.SystemCoreClockUpdate
                0x00401558      0x114 src/ASF/sam/utils/cmsis/sam4s/source/templates/system_sam4s.o
                0x00401558                SystemCoreClockUpdate
 .text.system_init_flash
                0x0040166c       0x94 src/ASF/sam/utils/cmsis/sam4s/source/templates/system_sam4s.o
                0x0040166c                system_init_flash
 .text._sbrk    0x00401700       0x34 src/ASF/sam/utils/syscalls/gcc/syscalls.o
                0x00401700                _sbrk
 .text._close   0x00401734        0x8 src/ASF/sam/utils/syscalls/gcc/syscalls.o
                0x00401734                _close
 .text._lseek   0x0040173c        0x4 src/ASF/sam/utils/syscalls/gcc/syscalls.o
                0x0040173c                _lseek
 .text.Button2_Handler
                0x00401740       0x54 src/ili93xx_example.o
 .text.Button1_Handler
                0x00401794       0x54 src/ili93xx_example.o
 .text.usart_serial_getchar
                0x004017e8       0x88 src/ili93xx_example.o
 .text.usart_serial_putchar
                0x00401870       0x80 src/ili93xx_example.o
 .text.TC0_Handler
                0x004018f0       0x84 src/ili93xx_example.o
                0x004018f0                TC0_Handler
 .text.main     0x00401974      0x298 src/ili93xx_example.o
                0x00401974                main
 .text.__libc_init_array
                0x00401c0c       0x50 c:/program files (x86)/atmel/studio/7.0/toolchain/arm/arm-gnu-toolchain/bin/../lib/gcc/arm-none-eabi/4.9.3/../../../../arm-none-eabi/lib/armv7e-m\libc.a(lib_a-init.o)
                0x00401c0c                __libc_init_array
 .text.memset   0x00401c5c       0x9c c:/program files (x86)/atmel/studio/7.0/toolchain/arm/arm-gnu-toolchain/bin/../lib/gcc/arm-none-eabi/4.9.3/../../../../arm-none-eabi/lib/armv7e-m\libc.a(lib_a-memset.o)
                0x00401c5c                memset
 .text.setbuf   0x00401cf8       0x10 c:/program files (x86)/atmel/studio/7.0/toolchain/arm/arm-gnu-toolchain/bin/../lib/gcc/arm-none-eabi/4.9.3/../../../../arm-none-eabi/lib/armv7e-m\libc.a(lib_a-setbuf.o)
                0x00401cf8                setbuf
 .text.setvbuf  0x00401d08       0xf8 c:/program files (x86)/atmel/studio/7.0/toolchain/arm/arm-gnu-toolchain/bin/../lib/gcc/arm-none-eabi/4.9.3/../../../../arm-none-eabi/lib/armv7e-m\libc.a(lib_a-setvbuf.o)
                0x00401d08                setvbuf
 .text.sprintf  0x00401e00       0x4c c:/program files (x86)/atmel/studio/7.0/toolchain/arm/arm-gnu-toolchain/bin/../lib/gcc/arm-none-eabi/4.9.3/../../../../arm-none-eabi/lib/armv7e-m\libc.a(lib_a-sprintf.o)
                0x00401e00                sprintf
 .text._svfprintf_r
                0x00401e4c     0x1494 c:/program files (x86)/atmel/studio/7.0/toolchain/arm/arm-gnu-toolchain/bin/../lib/gcc/arm-none-eabi/4.9.3/../../../../arm-none-eabi/lib/armv7e-m\libc.a(lib_a-svfprintf.o)
                0x00401e4c                _svfprintf_r
 .text.startup.register_fini
                0x004032e0       0x14 c:/program files (x86)/atmel/studio/7.0/toolchain/arm/arm-gnu-toolchain/bin/../lib/gcc/arm-none-eabi/4.9.3/../../../../arm-none-eabi/lib/armv7e-m\libc.a(lib_a-__call_atexit.o)
 .text.atexit   0x004032f4        0xc c:/program files (x86)/atmel/studio/7.0/toolchain/arm/arm-gnu-toolchain/bin/../lib/gcc/arm-none-eabi/4.9.3/../../../../arm-none-eabi/lib/armv7e-m\libc.a(lib_a-atexit.o)
                0x004032f4                atexit
 .text.quorem   0x00403300      0x12c c:/program files (x86)/atmel/studio/7.0/toolchain/arm/arm-gnu-toolchain/bin/../lib/gcc/arm-none-eabi/4.9.3/../../../../arm-none-eabi/lib/armv7e-m\libc.a(lib_a-dtoa.o)
 *fill*         0x0040342c        0x4 
 .text._dtoa_r  0x00403430      0xe94 c:/program files (x86)/atmel/studio/7.0/toolchain/arm/arm-gnu-toolchain/bin/../lib/gcc/arm-none-eabi/4.9.3/../../../../arm-none-eabi/lib/armv7e-m\libc.a(lib_a-dtoa.o)
                0x00403430                _dtoa_r
 .text.__sflush_r
                0x004042c4      0x154 c:/program files (x86)/atmel/studio/7.0/toolchain/arm/arm-gnu-toolchain/bin/../lib/gcc/arm-none-eabi/4.9.3/../../../../arm-none-eabi/lib/armv7e-m\libc.a(lib_a-fflush.o)
                0x004042c4                __sflush_r
 .text._fflush_r
                0x00404418       0x2c c:/program files (x86)/atmel/studio/7.0/toolchain/arm/arm-gnu-toolchain/bin/../lib/gcc/arm-none-eabi/4.9.3/../../../../arm-none-eabi/lib/armv7e-m\libc.a(lib_a-fflush.o)
                0x00404418                _fflush_r
 .text._cleanup_r
                0x00404444        0xc c:/program files (x86)/atmel/studio/7.0/toolchain/arm/arm-gnu-toolchain/bin/../lib/gcc/arm-none-eabi/4.9.3/../../../../arm-none-eabi/lib/armv7e-m\libc.a(lib_a-findfp.o)
                0x00404444                _cleanup_r
 .text.__sinit.part.1
                0x00404450       0xf0 c:/program files (x86)/atmel/studio/7.0/toolchain/arm/arm-gnu-toolchain/bin/../lib/gcc/arm-none-eabi/4.9.3/../../../../arm-none-eabi/lib/armv7e-m\libc.a(lib_a-findfp.o)
 .text.__sinit  0x00404540        0xc c:/program files (x86)/atmel/studio/7.0/toolchain/arm/arm-gnu-toolchain/bin/../lib/gcc/arm-none-eabi/4.9.3/../../../../arm-none-eabi/lib/armv7e-m\libc.a(lib_a-findfp.o)
                0x00404540                __sinit
 .text.__sfp_lock_acquire
                0x0040454c        0x4 c:/program files (x86)/atmel/studio/7.0/toolchain/arm/arm-gnu-toolchain/bin/../lib/gcc/arm-none-eabi/4.9.3/../../../../arm-none-eabi/lib/armv7e-m\libc.a(lib_a-findfp.o)
                0x0040454c                __sfp_lock_acquire
 .text.__sfp_lock_release
                0x00404550        0x4 c:/program files (x86)/atmel/studio/7.0/toolchain/arm/arm-gnu-toolchain/bin/../lib/gcc/arm-none-eabi/4.9.3/../../../../arm-none-eabi/lib/armv7e-m\libc.a(lib_a-findfp.o)
                0x00404550                __sfp_lock_release
 .text.__libc_fini_array
                0x00404554       0x2c c:/program files (x86)/atmel/studio/7.0/toolchain/arm/arm-gnu-toolchain/bin/../lib/gcc/arm-none-eabi/4.9.3/../../../../arm-none-eabi/lib/armv7e-m\libc.a(lib_a-fini.o)
                0x00404554                __libc_fini_array
 .text._malloc_trim_r
                0x00404580       0x9c c:/program files (x86)/atmel/studio/7.0/toolchain/arm/arm-gnu-toolchain/bin/../lib/gcc/arm-none-eabi/4.9.3/../../../../arm-none-eabi/lib/armv7e-m\libc.a(lib_a-freer.o)
                0x00404580                _malloc_trim_r
 .text._free_r  0x0040461c      0x1b0 c:/program files (x86)/atmel/studio/7.0/toolchain/arm/arm-gnu-toolchain/bin/../lib/gcc/arm-none-eabi/4.9.3/../../../../arm-none-eabi/lib/armv7e-m\libc.a(lib_a-freer.o)
                0x0040461c                _free_r
 .text._fwalk_reent
                0x004047cc       0x54 c:/program files (x86)/atmel/studio/7.0/toolchain/arm/arm-gnu-toolchain/bin/../lib/gcc/arm-none-eabi/4.9.3/../../../../arm-none-eabi/lib/armv7e-m\libc.a(lib_a-fwalk.o)
                0x004047cc                _fwalk_reent
 .text._localeconv_r
                0x00404820        0x8 c:/program files (x86)/atmel/studio/7.0/toolchain/arm/arm-gnu-toolchain/bin/../lib/gcc/arm-none-eabi/4.9.3/../../../../arm-none-eabi/lib/armv7e-m\libc.a(lib_a-locale.o)
                0x00404820                _localeconv_r
 .text.malloc   0x00404828       0x10 c:/program files (x86)/atmel/studio/7.0/toolchain/arm/arm-gnu-toolchain/bin/../lib/gcc/arm-none-eabi/4.9.3/../../../../arm-none-eabi/lib/armv7e-m\libc.a(lib_a-malloc.o)
                0x00404828                malloc
 .text._malloc_r
                0x00404838      0x524 c:/program files (x86)/atmel/studio/7.0/toolchain/arm/arm-gnu-toolchain/bin/../lib/gcc/arm-none-eabi/4.9.3/../../../../arm-none-eabi/lib/armv7e-m\libc.a(lib_a-mallocr.o)
                0x00404838                _malloc_r
 .text.memchr   0x00404d5c       0x94 c:/program files (x86)/atmel/studio/7.0/toolchain/arm/arm-gnu-toolchain/bin/../lib/gcc/arm-none-eabi/4.9.3/../../../../arm-none-eabi/lib/armv7e-m\libc.a(lib_a-memchr.o)
                0x00404d5c                memchr
 .text          0x00404df0      0x134 c:/program files (x86)/atmel/studio/7.0/toolchain/arm/arm-gnu-toolchain/bin/../lib/gcc/arm-none-eabi/4.9.3/../../../../arm-none-eabi/lib/armv7e-m\libc.a(lib_a-memcpy.o)
                0x00404df0                memcpy
 .text.memmove  0x00404f24       0xc8 c:/program files (x86)/atmel/studio/7.0/toolchain/arm/arm-gnu-toolchain/bin/../lib/gcc/arm-none-eabi/4.9.3/../../../../arm-none-eabi/lib/armv7e-m\libc.a(lib_a-memmove.o)
                0x00404f24                memmove
 .text.__malloc_lock
                0x00404fec        0x4 c:/program files (x86)/atmel/studio/7.0/toolchain/arm/arm-gnu-toolchain/bin/../lib/gcc/arm-none-eabi/4.9.3/../../../../arm-none-eabi/lib/armv7e-m\libc.a(lib_a-mlock.o)
                0x00404fec                __malloc_lock
 .text.__malloc_unlock
                0x00404ff0        0x4 c:/program files (x86)/atmel/studio/7.0/toolchain/arm/arm-gnu-toolchain/bin/../lib/gcc/arm-none-eabi/4.9.3/../../../../arm-none-eabi/lib/armv7e-m\libc.a(lib_a-mlock.o)
                0x00404ff0                __malloc_unlock
 .text._Balloc  0x00404ff4       0x4c c:/program files (x86)/atmel/studio/7.0/toolchain/arm/arm-gnu-toolchain/bin/../lib/gcc/arm-none-eabi/4.9.3/../../../../arm-none-eabi/lib/armv7e-m\libc.a(lib_a-mprec.o)
                0x00404ff4                _Balloc
 .text._Bfree   0x00405040       0x14 c:/program files (x86)/atmel/studio/7.0/toolchain/arm/arm-gnu-toolchain/bin/../lib/gcc/arm-none-eabi/4.9.3/../../../../arm-none-eabi/lib/armv7e-m\libc.a(lib_a-mprec.o)
                0x00405040                _Bfree
 .text.__multadd
                0x00405054       0x84 c:/program files (x86)/atmel/studio/7.0/toolchain/arm/arm-gnu-toolchain/bin/../lib/gcc/arm-none-eabi/4.9.3/../../../../arm-none-eabi/lib/armv7e-m\libc.a(lib_a-mprec.o)
                0x00405054                __multadd
 .text.__hi0bits
                0x004050d8       0x40 c:/program files (x86)/atmel/studio/7.0/toolchain/arm/arm-gnu-toolchain/bin/../lib/gcc/arm-none-eabi/4.9.3/../../../../arm-none-eabi/lib/armv7e-m\libc.a(lib_a-mprec.o)
                0x004050d8                __hi0bits
 .text.__lo0bits
                0x00405118       0x5c c:/program files (x86)/atmel/studio/7.0/toolchain/arm/arm-gnu-toolchain/bin/../lib/gcc/arm-none-eabi/4.9.3/../../../../arm-none-eabi/lib/armv7e-m\libc.a(lib_a-mprec.o)
                0x00405118                __lo0bits
 .text.__i2b    0x00405174       0x14 c:/program files (x86)/atmel/studio/7.0/toolchain/arm/arm-gnu-toolchain/bin/../lib/gcc/arm-none-eabi/4.9.3/../../../../arm-none-eabi/lib/armv7e-m\libc.a(lib_a-mprec.o)
                0x00405174                __i2b
 .text.__multiply
                0x00405188      0x134 c:/program files (x86)/atmel/studio/7.0/toolchain/arm/arm-gnu-toolchain/bin/../lib/gcc/arm-none-eabi/4.9.3/../../../../arm-none-eabi/lib/armv7e-m\libc.a(lib_a-mprec.o)
                0x00405188                __multiply
 .text.__pow5mult
                0x004052bc       0xa0 c:/program files (x86)/atmel/studio/7.0/toolchain/arm/arm-gnu-toolchain/bin/../lib/gcc/arm-none-eabi/4.9.3/../../../../arm-none-eabi/lib/armv7e-m\libc.a(lib_a-mprec.o)
                0x004052bc                __pow5mult
 .text.__lshift
                0x0040535c       0xac c:/program files (x86)/atmel/studio/7.0/toolchain/arm/arm-gnu-toolchain/bin/../lib/gcc/arm-none-eabi/4.9.3/../../../../arm-none-eabi/lib/armv7e-m\libc.a(lib_a-mprec.o)
                0x0040535c                __lshift
 .text.__mcmp   0x00405408       0x48 c:/program files (x86)/atmel/studio/7.0/toolchain/arm/arm-gnu-toolchain/bin/../lib/gcc/arm-none-eabi/4.9.3/../../../../arm-none-eabi/lib/armv7e-m\libc.a(lib_a-mprec.o)
                0x00405408                __mcmp
 .text.__mdiff  0x00405450       0xd4 c:/program files (x86)/atmel/studio/7.0/toolchain/arm/arm-gnu-toolchain/bin/../lib/gcc/arm-none-eabi/4.9.3/../../../../arm-none-eabi/lib/armv7e-m\libc.a(lib_a-mprec.o)
                0x00405450                __mdiff
 .text.__d2b    0x00405524       0xb8 c:/program files (x86)/atmel/studio/7.0/toolchain/arm/arm-gnu-toolchain/bin/../lib/gcc/arm-none-eabi/4.9.3/../../../../arm-none-eabi/lib/armv7e-m\libc.a(lib_a-mprec.o)
                0x00405524                __d2b
 .text._realloc_r
                0x004055dc      0x3ec c:/program files (x86)/atmel/studio/7.0/toolchain/arm/arm-gnu-toolchain/bin/../lib/gcc/arm-none-eabi/4.9.3/../../../../arm-none-eabi/lib/armv7e-m\libc.a(lib_a-reallocr.o)
                0x004055dc                _realloc_r
 .text.__fpclassifyd
                0x004059c8       0x58 c:/program files (x86)/atmel/studio/7.0/toolchain/arm/arm-gnu-toolchain/bin/../lib/gcc/arm-none-eabi/4.9.3/../../../../arm-none-eabi/lib/armv7e-m\libc.a(lib_a-s_fpclassify.o)
                0x004059c8                __fpclassifyd
 .text._sbrk_r  0x00405a20       0x24 c:/program files (x86)/atmel/studio/7.0/toolchain/arm/arm-gnu-toolchain/bin/../lib/gcc/arm-none-eabi/4.9.3/../../../../arm-none-eabi/lib/armv7e-m\libc.a(lib_a-sbrkr.o)
                0x00405a20                _sbrk_r
 .text.__sread  0x00405a44       0x24 c:/program files (x86)/atmel/studio/7.0/toolchain/arm/arm-gnu-toolchain/bin/../lib/gcc/arm-none-eabi/4.9.3/../../../../arm-none-eabi/lib/armv7e-m\libc.a(lib_a-stdio.o)
                0x00405a44                __sread
 .text.__swrite
                0x00405a68       0x38 c:/program files (x86)/atmel/studio/7.0/toolchain/arm/arm-gnu-toolchain/bin/../lib/gcc/arm-none-eabi/4.9.3/../../../../arm-none-eabi/lib/armv7e-m\libc.a(lib_a-stdio.o)
                0x00405a68                __swrite
 .text.__sseek  0x00405aa0       0x20 c:/program files (x86)/atmel/studio/7.0/toolchain/arm/arm-gnu-toolchain/bin/../lib/gcc/arm-none-eabi/4.9.3/../../../../arm-none-eabi/lib/armv7e-m\libc.a(lib_a-stdio.o)
                0x00405aa0                __sseek
 .text.__sclose
                0x00405ac0        0x8 c:/program files (x86)/atmel/studio/7.0/toolchain/arm/arm-gnu-toolchain/bin/../lib/gcc/arm-none-eabi/4.9.3/../../../../arm-none-eabi/lib/armv7e-m\libc.a(lib_a-stdio.o)
                0x00405ac0                __sclose
 .text.strlen   0x00405ac8       0x5c c:/program files (x86)/atmel/studio/7.0/toolchain/arm/arm-gnu-toolchain/bin/../lib/gcc/arm-none-eabi/4.9.3/../../../../arm-none-eabi/lib/armv7e-m\libc.a(lib_a-strlen.o)
                0x00405ac8                strlen
 .text.__ssprint_r
                0x00405b24      0x104 c:/program files (x86)/atmel/studio/7.0/toolchain/arm/arm-gnu-toolchain/bin/../lib/gcc/arm-none-eabi/4.9.3/../../../../arm-none-eabi/lib/armv7e-m\libc.a(lib_a-svfiprintf.o)
                0x00405b24                __ssprint_r
 .text._write_r
                0x00405c28       0x28 c:/program files (x86)/atmel/studio/7.0/toolchain/arm/arm-gnu-toolchain/bin/../lib/gcc/arm-none-eabi/4.9.3/../../../../arm-none-eabi/lib/armv7e-m\libc.a(lib_a-writer.o)
                0x00405c28                _write_r
 .text.__register_exitproc
                0x00405c50       0xa4 c:/program files (x86)/atmel/studio/7.0/toolchain/arm/arm-gnu-toolchain/bin/../lib/gcc/arm-none-eabi/4.9.3/../../../../arm-none-eabi/lib/armv7e-m\libc.a(lib_a-__atexit.o)
                0x00405c50                __register_exitproc
 .text._calloc_r
                0x00405cf4       0x60 c:/program files (x86)/atmel/studio/7.0/toolchain/arm/arm-gnu-toolchain/bin/../lib/gcc/arm-none-eabi/4.9.3/../../../../arm-none-eabi/lib/armv7e-m\libc.a(lib_a-callocr.o)
                0x00405cf4                _calloc_r
 .text._close_r
                0x00405d54       0x24 c:/program files (x86)/atmel/studio/7.0/toolchain/arm/arm-gnu-toolchain/bin/../lib/gcc/arm-none-eabi/4.9.3/../../../../arm-none-eabi/lib/armv7e-m\libc.a(lib_a-closer.o)
                0x00405d54                _close_r
 .text._fclose_r
                0x00405d78       0x84 c:/program files (x86)/atmel/studio/7.0/toolchain/arm/arm-gnu-toolchain/bin/../lib/gcc/arm-none-eabi/4.9.3/../../../../arm-none-eabi/lib/armv7e-m\libc.a(lib_a-fclose.o)
                0x00405d78                _fclose_r
 .text._lseek_r
                0x00405dfc       0x28 c:/program files (x86)/atmel/studio/7.0/toolchain/arm/arm-gnu-toolchain/bin/../lib/gcc/arm-none-eabi/4.9.3/../../../../arm-none-eabi/lib/armv7e-m\libc.a(lib_a-lseekr.o)
                0x00405dfc                _lseek_r
 .text._read_r  0x00405e24       0x28 c:/program files (x86)/atmel/studio/7.0/toolchain/arm/arm-gnu-toolchain/bin/../lib/gcc/arm-none-eabi/4.9.3/../../../../arm-none-eabi/lib/armv7e-m\libc.a(lib_a-readr.o)
                0x00405e24                _read_r
 .text          0x00405e4c      0x370 c:/program files (x86)/atmel/studio/7.0/toolchain/arm/arm-gnu-toolchain/bin/../lib/gcc/arm-none-eabi/4.9.3/armv7e-m\libgcc.a(_arm_addsubdf3.o)
                0x00405e4c                __aeabi_drsub
                0x00405e54                __aeabi_dsub
                0x00405e54                __subdf3
                0x00405e58                __aeabi_dadd
                0x00405e58                __adddf3
                0x004060d0                __floatunsidf
                0x004060d0                __aeabi_ui2d
                0x004060f0                __floatsidf
                0x004060f0                __aeabi_i2d
                0x00406114                __aeabi_f2d
                0x00406114                __extendsfdf2
                0x00406150                __floatundidf
                0x00406150                __aeabi_ul2d
                0x00406160                __floatdidf
                0x00406160                __aeabi_l2d
 .text          0x004061bc      0x424 c:/program files (x86)/atmel/studio/7.0/toolchain/arm/arm-gnu-toolchain/bin/../lib/gcc/arm-none-eabi/4.9.3/armv7e-m\libgcc.a(_arm_muldivdf3.o)
                0x004061bc                __aeabi_dmul
                0x004061bc                __muldf3
                0x00406410                __divdf3
                0x00406410                __aeabi_ddiv
 .text          0x004065e0      0x110 c:/program files (x86)/atmel/studio/7.0/toolchain/arm/arm-gnu-toolchain/bin/../lib/gcc/arm-none-eabi/4.9.3/armv7e-m\libgcc.a(_arm_cmpdf2.o)
                0x004065e0                __gtdf2
                0x004065e0                __gedf2
                0x004065e8                __ltdf2
                0x004065e8                __ledf2
                0x004065f0                __nedf2
                0x004065f0                __eqdf2
                0x004065f0                __cmpdf2
                0x0040666c                __aeabi_cdrcmple
                0x0040667c                __aeabi_cdcmpeq
                0x0040667c                __aeabi_cdcmple
                0x0040668c                __aeabi_dcmpeq
                0x004066a0                __aeabi_dcmplt
                0x004066b4                __aeabi_dcmple
                0x004066c8                __aeabi_dcmpge
                0x004066dc                __aeabi_dcmpgt
 .text          0x004066f0       0x50 c:/program files (x86)/atmel/studio/7.0/toolchain/arm/arm-gnu-toolchain/bin/../lib/gcc/arm-none-eabi/4.9.3/armv7e-m\libgcc.a(_arm_fixdfsi.o)
                0x004066f0                __aeabi_d2iz
                0x004066f0                __fixdfsi
 .text          0x00406740       0x30 c:/program files (x86)/atmel/studio/7.0/toolchain/arm/arm-gnu-toolchain/bin/../lib/gcc/arm-none-eabi/4.9.3/armv7e-m\libgcc.a(_aeabi_uldivmod.o)
                0x00406740                __aeabi_uldivmod
 .text          0x00406770       0x60 c:/program files (x86)/atmel/studio/7.0/toolchain/arm/arm-gnu-toolchain/bin/../lib/gcc/arm-none-eabi/4.9.3/armv7e-m\libgcc.a(bpabi.o)
                0x00406770                __gnu_ldivmod_helper
                0x004067a0                __gnu_uldivmod_helper
 .text          0x004067d0        0x4 c:/program files (x86)/atmel/studio/7.0/toolchain/arm/arm-gnu-toolchain/bin/../lib/gcc/arm-none-eabi/4.9.3/armv7e-m\libgcc.a(_dvmd_tls.o)
                0x004067d0                __aeabi_idiv0
                0x004067d0                __aeabi_ldiv0
 .text          0x004067d4      0x29c c:/program files (x86)/atmel/studio/7.0/toolchain/arm/arm-gnu-toolchain/bin/../lib/gcc/arm-none-eabi/4.9.3/armv7e-m\libgcc.a(_divdi3.o)
                0x004067d4                __divdi3
 .text          0x00406a70      0x26c c:/program files (x86)/atmel/studio/7.0/toolchain/arm/arm-gnu-toolchain/bin/../lib/gcc/arm-none-eabi/4.9.3/armv7e-m\libgcc.a(_udivdi3.o)
                0x00406a70                __udivdi3
 *(.glue_7t)
 .glue_7t       0x00000000        0x0 linker stubs
 *(.glue_7)
 .glue_7        0x00000000        0x0 linker stubs
 *(.rodata .rodata* .gnu.linkonce.r.*)
 .rodata.p_uc_charset10x14
                0x00406cdc      0x780 src/ASF/sam/components/display/ili93xx/ili93xx.o
                0x00406cdc                p_uc_charset10x14
 .rodata.str1.4
                0x0040745c       0x49 src/ili93xx_example.o
 *fill*         0x004074a5        0x3 
 .rodata.str1.4
                0x004074a8        0x2 c:/program files (x86)/atmel/studio/7.0/toolchain/arm/arm-gnu-toolchain/bin/../lib/gcc/arm-none-eabi/4.9.3/../../../../arm-none-eabi/lib/armv7e-m\libc.a(lib_a-impure.o)
 *fill*         0x004074aa        0x2 
 .rodata._global_impure_ptr
                0x004074ac        0x4 c:/program files (x86)/atmel/studio/7.0/toolchain/arm/arm-gnu-toolchain/bin/../lib/gcc/arm-none-eabi/4.9.3/../../../../arm-none-eabi/lib/armv7e-m\libc.a(lib_a-impure.o)
                0x004074ac                _global_impure_ptr
 .rodata.zeroes.6911
                0x004074b0       0x10 c:/program files (x86)/atmel/studio/7.0/toolchain/arm/arm-gnu-toolchain/bin/../lib/gcc/arm-none-eabi/4.9.3/../../../../arm-none-eabi/lib/armv7e-m\libc.a(lib_a-svfprintf.o)
 .rodata.blanks.6910
                0x004074c0       0x10 c:/program files (x86)/atmel/studio/7.0/toolchain/arm/arm-gnu-toolchain/bin/../lib/gcc/arm-none-eabi/4.9.3/../../../../arm-none-eabi/lib/armv7e-m\libc.a(lib_a-svfprintf.o)
 .rodata.str1.4
                0x004074d0       0x42 c:/program files (x86)/atmel/studio/7.0/toolchain/arm/arm-gnu-toolchain/bin/../lib/gcc/arm-none-eabi/4.9.3/../../../../arm-none-eabi/lib/armv7e-m\libc.a(lib_a-svfprintf.o)
 *fill*         0x00407512        0x2 
 .rodata.str1.4
                0x00407514       0x10 c:/program files (x86)/atmel/studio/7.0/toolchain/arm/arm-gnu-toolchain/bin/../lib/gcc/arm-none-eabi/4.9.3/../../../../arm-none-eabi/lib/armv7e-m\libc.a(lib_a-dtoa.o)
                                 0x12 (size before relaxing)
 .rodata.str1.4
                0x00407524        0xc c:/program files (x86)/atmel/studio/7.0/toolchain/arm/arm-gnu-toolchain/bin/../lib/gcc/arm-none-eabi/4.9.3/../../../../arm-none-eabi/lib/armv7e-m\libc.a(lib_a-locale.o)
                                 0x12 (size before relaxing)
 .rodata.__mprec_tens
                0x00407530       0xc8 c:/program files (x86)/atmel/studio/7.0/toolchain/arm/arm-gnu-toolchain/bin/../lib/gcc/arm-none-eabi/4.9.3/../../../../arm-none-eabi/lib/armv7e-m\libc.a(lib_a-mprec.o)
                0x00407530                __mprec_tens
 .rodata.p05.5302
                0x004075f8        0xc c:/program files (x86)/atmel/studio/7.0/toolchain/arm/arm-gnu-toolchain/bin/../lib/gcc/arm-none-eabi/4.9.3/../../../../arm-none-eabi/lib/armv7e-m\libc.a(lib_a-mprec.o)
 *fill*         0x00407604        0x4 
 .rodata.__mprec_bigtens
                0x00407608       0x28 c:/program files (x86)/atmel/studio/7.0/toolchain/arm/arm-gnu-toolchain/bin/../lib/gcc/arm-none-eabi/4.9.3/../../../../arm-none-eabi/lib/armv7e-m\libc.a(lib_a-mprec.o)
                0x00407608                __mprec_bigtens
 *(.ARM.extab* .gnu.linkonce.armextab.*)
                0x00407630                . = ALIGN (0x4)
 *(.init)
 .init          0x00407630        0x4 c:/program files (x86)/atmel/studio/7.0/toolchain/arm/arm-gnu-toolchain/bin/../lib/gcc/arm-none-eabi/4.9.3/armv7e-m/crti.o
                0x00407630                _init
 .init          0x00407634        0x8 c:/program files (x86)/atmel/studio/7.0/toolchain/arm/arm-gnu-toolchain/bin/../lib/gcc/arm-none-eabi/4.9.3/armv7e-m/crtn.o
                0x0040763c                . = ALIGN (0x4)
                0x0040763c                __preinit_array_start = .
 *(.preinit_array)
                0x0040763c                __preinit_array_end = .
                0x0040763c                . = ALIGN (0x4)
                0x0040763c                __init_array_start = .
 *(SORT(.init_array.*))
 .init_array.00000
                0x0040763c        0x4 c:/program files (x86)/atmel/studio/7.0/toolchain/arm/arm-gnu-toolchain/bin/../lib/gcc/arm-none-eabi/4.9.3/../../../../arm-none-eabi/lib/armv7e-m\libc.a(lib_a-__call_atexit.o)
 *(.init_array)
 .init_array    0x00407640        0x4 c:/program files (x86)/atmel/studio/7.0/toolchain/arm/arm-gnu-toolchain/bin/../lib/gcc/arm-none-eabi/4.9.3/armv7e-m/crtbegin.o
                0x00407644                __init_array_end = .
                0x00407644                . = ALIGN (0x4)
 *crtbegin.o(.ctors)
 *(EXCLUDE_FILE(*crtend.o) .ctors)
 *(SORT(.ctors.*))
 *crtend.o(.ctors)
                0x00407644                . = ALIGN (0x4)
 *(.fini)
 .fini          0x00407644        0x4 c:/program files (x86)/atmel/studio/7.0/toolchain/arm/arm-gnu-toolchain/bin/../lib/gcc/arm-none-eabi/4.9.3/armv7e-m/crti.o
                0x00407644                _fini
 .fini          0x00407648        0x8 c:/program files (x86)/atmel/studio/7.0/toolchain/arm/arm-gnu-toolchain/bin/../lib/gcc/arm-none-eabi/4.9.3/armv7e-m/crtn.o
                0x00407650                . = ALIGN (0x4)
                0x00407650                __fini_array_start = .
 *(.fini_array)
 .fini_array    0x00407650        0x4 c:/program files (x86)/atmel/studio/7.0/toolchain/arm/arm-gnu-toolchain/bin/../lib/gcc/arm-none-eabi/4.9.3/armv7e-m/crtbegin.o
 *(SORT(.fini_array.*))
                0x00407654                __fini_array_end = .
 *crtbegin.o(.dtors)
 *(EXCLUDE_FILE(*crtend.o) .dtors)
 *(SORT(.dtors.*))
 *crtend.o(.dtors)
                0x00407654                . = ALIGN (0x4)
                0x00407654                _efixed = .
                0x00407654                PROVIDE (__exidx_start, .)

.vfp11_veneer   0x00407654        0x0
 .vfp11_veneer  0x00000000        0x0 linker stubs

.v4_bx          0x00407654        0x0
 .v4_bx         0x00000000        0x0 linker stubs

.iplt           0x00407654        0x0
 .iplt          0x00000000        0x0 c:/program files (x86)/atmel/studio/7.0/toolchain/arm/arm-gnu-toolchain/bin/../lib/gcc/arm-none-eabi/4.9.3/armv7e-m/crtbegin.o

.ARM.exidx      0x00407654        0x8
 *(.ARM.exidx* .gnu.linkonce.armexidx.*)
 .ARM.exidx     0x00407654        0x8 c:/program files (x86)/atmel/studio/7.0/toolchain/arm/arm-gnu-toolchain/bin/../lib/gcc/arm-none-eabi/4.9.3/armv7e-m\libgcc.a(_divdi3.o)
 .ARM.exidx     0x0040765c        0x0 c:/program files (x86)/atmel/studio/7.0/toolchain/arm/arm-gnu-toolchain/bin/../lib/gcc/arm-none-eabi/4.9.3/armv7e-m\libgcc.a(_udivdi3.o)
                                  0x8 (size before relaxing)
                0x0040765c                PROVIDE (__exidx_end, .)

.eh_frame       0x0040765c        0x0
 .eh_frame      0x0040765c        0x0 c:/program files (x86)/atmel/studio/7.0/toolchain/arm/arm-gnu-toolchain/bin/../lib/gcc/arm-none-eabi/4.9.3/armv7e-m/crtbegin.o

.rel.dyn        0x0040765c        0x0
 .rel.iplt      0x00000000        0x0 c:/program files (x86)/atmel/studio/7.0/toolchain/arm/arm-gnu-toolchain/bin/../lib/gcc/arm-none-eabi/4.9.3/armv7e-m/crtbegin.o

.jcr            0x0040765c        0x0
 .jcr           0x0040765c        0x0 c:/program files (x86)/atmel/studio/7.0/toolchain/arm/arm-gnu-toolchain/bin/../lib/gcc/arm-none-eabi/4.9.3/armv7e-m/crtbegin.o

.igot.plt       0x0040765c        0x0
 .igot.plt      0x00000000        0x0 c:/program files (x86)/atmel/studio/7.0/toolchain/arm/arm-gnu-toolchain/bin/../lib/gcc/arm-none-eabi/4.9.3/armv7e-m/crtbegin.o
                0x0040765c                . = ALIGN (0x4)
                0x0040765c                _etext = .

.relocate       0x20000000      0x88c load address 0x0040765c
                0x20000000                . = ALIGN (0x4)
                0x20000000                _srelocate = .
 *(.ramfunc .ramfunc.*)
 *(.data .data.*)
 .data.g_interrupt_enabled
                0x20000000        0x1 src/ASF/common/utils/interrupt/interrupt_sam_nvic.o
                0x20000000                g_interrupt_enabled
 *fill*         0x20000001        0x3 
 .data.g_ul_lcd_x_length
                0x20000004        0x4 src/ASF/sam/components/display/ili93xx/ili93xx.o
 .data.g_ul_lcd_y_length
                0x20000008        0x4 src/ASF/sam/components/display/ili93xx/ili93xx.o
 .data.ul_flash_in_wait_mode
                0x2000000c        0x4 src/ASF/sam/drivers/pmc/pmc.o
 .data.SystemCoreClock
                0x20000010        0x4 src/ASF/sam/utils/cmsis/sam4s/source/templates/system_sam4s.o
                0x20000010                SystemCoreClock
 *fill*         0x20000014        0x4 
 .data.impure_data
                0x20000018      0x428 c:/program files (x86)/atmel/studio/7.0/toolchain/arm/arm-gnu-toolchain/bin/../lib/gcc/arm-none-eabi/4.9.3/../../../../arm-none-eabi/lib/armv7e-m\libc.a(lib_a-impure.o)
 .data._impure_ptr
                0x20000440        0x4 c:/program files (x86)/atmel/studio/7.0/toolchain/arm/arm-gnu-toolchain/bin/../lib/gcc/arm-none-eabi/4.9.3/../../../../arm-none-eabi/lib/armv7e-m\libc.a(lib_a-impure.o)
                0x20000440                _impure_ptr
 .data.lconv    0x20000444       0x38 c:/program files (x86)/atmel/studio/7.0/toolchain/arm/arm-gnu-toolchain/bin/../lib/gcc/arm-none-eabi/4.9.3/../../../../arm-none-eabi/lib/armv7e-m\libc.a(lib_a-locale.o)
 .data.__malloc_av_
                0x2000047c      0x408 c:/program files (x86)/atmel/studio/7.0/toolchain/arm/arm-gnu-toolchain/bin/../lib/gcc/arm-none-eabi/4.9.3/../../../../arm-none-eabi/lib/armv7e-m\libc.a(lib_a-mallocr.o)
                0x2000047c                __malloc_av_
 .data.__malloc_trim_threshold
                0x20000884        0x4 c:/program files (x86)/atmel/studio/7.0/toolchain/arm/arm-gnu-toolchain/bin/../lib/gcc/arm-none-eabi/4.9.3/../../../../arm-none-eabi/lib/armv7e-m\libc.a(lib_a-mallocr.o)
                0x20000884                __malloc_trim_threshold
 .data.__malloc_sbrk_base
                0x20000888        0x4 c:/program files (x86)/atmel/studio/7.0/toolchain/arm/arm-gnu-toolchain/bin/../lib/gcc/arm-none-eabi/4.9.3/../../../../arm-none-eabi/lib/armv7e-m\libc.a(lib_a-mallocr.o)
                0x20000888                __malloc_sbrk_base
                0x2000088c                . = ALIGN (0x4)
                0x2000088c                _erelocate = .

.bss            0x2000088c      0x4e4 load address 0x00407ee8
                0x2000088c                . = ALIGN (0x4)
                0x2000088c                _sbss = .
                0x2000088c                _szero = .
 *(.bss .bss.*)
 .bss           0x2000088c       0x1c c:/program files (x86)/atmel/studio/7.0/toolchain/arm/arm-gnu-toolchain/bin/../lib/gcc/arm-none-eabi/4.9.3/armv7e-m/crtbegin.o
 .bss.g_ul_pixel_cache
                0x200008a8      0x3c0 src/ASF/sam/components/display/ili93xx/ili93xx.o
 .bss.g_uc_device_type
                0x20000c68        0x1 src/ASF/sam/components/display/ili93xx/ili93xx.o
 *fill*         0x20000c69        0x3 
 .bss.gs_ul_nb_sources
                0x20000c6c        0x4 src/ASF/sam/drivers/pio/pio_handler.o
 .bss.pio_capture_handler
                0x20000c70        0x4 src/ASF/sam/drivers/pio/pio_handler.o
 .bss.gs_interrupt_sources
                0x20000c74       0x70 src/ASF/sam/drivers/pio/pio_handler.o
 .bss.callback_clocks_restored
                0x20000ce4        0x4 src/ASF/sam/drivers/pmc/sleep.o
 .bss.b_is_sleep_clock_used
                0x20000ce8        0x1 src/ASF/sam/drivers/pmc/sleep.o
 *fill*         0x20000ce9        0x3 
 .bss.heap.5212
                0x20000cec        0x4 src/ASF/sam/utils/syscalls/gcc/syscalls.o
 .bss.b.8472    0x20000cf0        0x4 src/ili93xx_example.o
 .bss.num       0x20000cf4        0x4 src/ili93xx_example.o
                0x20000cf4                num
 .bss.__malloc_max_total_mem
                0x20000cf8        0x4 c:/program files (x86)/atmel/studio/7.0/toolchain/arm/arm-gnu-toolchain/bin/../lib/gcc/arm-none-eabi/4.9.3/../../../../arm-none-eabi/lib/armv7e-m\libc.a(lib_a-mallocr.o)
                0x20000cf8                __malloc_max_total_mem
 .bss.__malloc_max_sbrked_mem
                0x20000cfc        0x4 c:/program files (x86)/atmel/studio/7.0/toolchain/arm/arm-gnu-toolchain/bin/../lib/gcc/arm-none-eabi/4.9.3/../../../../arm-none-eabi/lib/armv7e-m\libc.a(lib_a-mallocr.o)
                0x20000cfc                __malloc_max_sbrked_mem
 .bss.__malloc_top_pad
                0x20000d00        0x4 c:/program files (x86)/atmel/studio/7.0/toolchain/arm/arm-gnu-toolchain/bin/../lib/gcc/arm-none-eabi/4.9.3/../../../../arm-none-eabi/lib/armv7e-m\libc.a(lib_a-mallocr.o)
                0x20000d00                __malloc_top_pad
 .bss.__malloc_current_mallinfo
                0x20000d04       0x28 c:/program files (x86)/atmel/studio/7.0/toolchain/arm/arm-gnu-toolchain/bin/../lib/gcc/arm-none-eabi/4.9.3/../../../../arm-none-eabi/lib/armv7e-m\libc.a(lib_a-mallocr.o)
                0x20000d04                __malloc_current_mallinfo
 *(COMMON)
 COMMON         0x20000d2c        0x4 src/ASF/common/utils/stdio/read.o
                0x20000d2c                ptr_get
 COMMON         0x20000d30        0x8 src/ASF/common/utils/stdio/write.o
                0x20000d30                ptr_put
                0x20000d34                stdio_base
 COMMON         0x20000d38        0x4 src/ASF/sam/drivers/pio/pio.o
                0x20000d38                pio_capture_enable_flag
 COMMON         0x20000d3c       0x30 src/ili93xx_example.o
                0x20000d3c                g_ili93xx_display_opt
                0x20000d4c                vet
 COMMON         0x20000d6c        0x4 c:/program files (x86)/atmel/studio/7.0/toolchain/arm/arm-gnu-toolchain/bin/../lib/gcc/arm-none-eabi/4.9.3/../../../../arm-none-eabi/lib/armv7e-m\libc.a(lib_a-reent.o)
                0x20000d6c                errno
                0x20000d70                . = ALIGN (0x4)
                0x20000d70                _ebss = .
                0x20000d70                _ezero = .

.stack          0x20000d70     0x3000 load address 0x004083cc
                0x20000d70                . = ALIGN (0x8)
                0x20000d70                _sstack = .
                0x20003d70                . = (. + __stack_size__)
 *fill*         0x20000d70     0x3000 
                0x20003d70                . = ALIGN (0x8)
                0x20003d70                _estack = .
                0x20003d70                . = ALIGN (0x4)
                0x20003d70                _end = .
OUTPUT(13- LCD.elf elf32-littlearm)

.ARM.attributes
                0x00000000       0x2a
 .ARM.attributes
                0x00000000       0x1e c:/program files (x86)/atmel/studio/7.0/toolchain/arm/arm-gnu-toolchain/bin/../lib/gcc/arm-none-eabi/4.9.3/armv7e-m/crti.o
 .ARM.attributes
                0x0000001e       0x2e c:/program files (x86)/atmel/studio/7.0/toolchain/arm/arm-gnu-toolchain/bin/../lib/gcc/arm-none-eabi/4.9.3/armv7e-m/crtbegin.o
 .ARM.attributes
                0x0000004c       0x33 src/ASF/common/services/clock/sam4s/sysclk.o
 .ARM.attributes
                0x0000007f       0x33 src/ASF/common/utils/interrupt/interrupt_sam_nvic.o
 .ARM.attributes
                0x000000b2       0x33 src/ASF/common/utils/stdio/read.o
 .ARM.attributes
                0x000000e5       0x33 src/ASF/common/utils/stdio/write.o
 .ARM.attributes
                0x00000118       0x33 src/ASF/sam/boards/sam4s_ek2/init.o
 .ARM.attributes
                0x0000014b       0x33 src/ASF/sam/components/display/aat31xx/aat31xx.o
 .ARM.attributes
                0x0000017e       0x33 src/ASF/sam/components/display/ili93xx/ili93xx.o
 .ARM.attributes
                0x000001b1       0x33 src/ASF/sam/drivers/ebi/smc/smc.o
 .ARM.attributes
                0x000001e4       0x33 src/ASF/sam/drivers/pio/pio.o
 .ARM.attributes
                0x00000217       0x33 src/ASF/sam/drivers/pio/pio_handler.o
 .ARM.attributes
                0x0000024a       0x33 src/ASF/sam/drivers/pmc/pmc.o
 .ARM.attributes
                0x0000027d       0x33 src/ASF/sam/drivers/pmc/sleep.o
 .ARM.attributes
                0x000002b0       0x33 src/ASF/sam/drivers/tc/tc.o
 .ARM.attributes
                0x000002e3       0x33 src/ASF/sam/drivers/uart/uart.o
 .ARM.attributes
                0x00000316       0x33 src/ASF/sam/drivers/usart/usart.o
 .ARM.attributes
                0x00000349       0x33 src/ASF/sam/utils/cmsis/sam4s/source/templates/gcc/startup_sam4s.o
 .ARM.attributes
                0x0000037c       0x33 src/ASF/sam/utils/cmsis/sam4s/source/templates/system_sam4s.o
 .ARM.attributes
                0x000003af       0x33 src/ASF/sam/utils/syscalls/gcc/syscalls.o
 .ARM.attributes
                0x000003e2       0x33 src/ili93xx_example.o
 .ARM.attributes
                0x00000415       0x2e c:/program files (x86)/atmel/studio/7.0/toolchain/arm/arm-gnu-toolchain/bin/../lib/gcc/arm-none-eabi/4.9.3/../../../../arm-none-eabi/lib/armv7e-m\libc.a(lib_a-impure.o)
 .ARM.attributes
                0x00000443       0x2e c:/program files (x86)/atmel/studio/7.0/toolchain/arm/arm-gnu-toolchain/bin/../lib/gcc/arm-none-eabi/4.9.3/../../../../arm-none-eabi/lib/armv7e-m\libc.a(lib_a-init.o)
 .ARM.attributes
                0x00000471       0x2e c:/program files (x86)/atmel/studio/7.0/toolchain/arm/arm-gnu-toolchain/bin/../lib/gcc/arm-none-eabi/4.9.3/../../../../arm-none-eabi/lib/armv7e-m\libc.a(lib_a-memset.o)
 .ARM.attributes
                0x0000049f       0x2e c:/program files (x86)/atmel/studio/7.0/toolchain/arm/arm-gnu-toolchain/bin/../lib/gcc/arm-none-eabi/4.9.3/../../../../arm-none-eabi/lib/armv7e-m\libc.a(lib_a-setbuf.o)
 .ARM.attributes
                0x000004cd       0x2e c:/program files (x86)/atmel/studio/7.0/toolchain/arm/arm-gnu-toolchain/bin/../lib/gcc/arm-none-eabi/4.9.3/../../../../arm-none-eabi/lib/armv7e-m\libc.a(lib_a-setvbuf.o)
 .ARM.attributes
                0x000004fb       0x2e c:/program files (x86)/atmel/studio/7.0/toolchain/arm/arm-gnu-toolchain/bin/../lib/gcc/arm-none-eabi/4.9.3/../../../../arm-none-eabi/lib/armv7e-m\libc.a(lib_a-sprintf.o)
 .ARM.attributes
                0x00000529       0x2e c:/program files (x86)/atmel/studio/7.0/toolchain/arm/arm-gnu-toolchain/bin/../lib/gcc/arm-none-eabi/4.9.3/../../../../arm-none-eabi/lib/armv7e-m\libc.a(lib_a-svfprintf.o)
 .ARM.attributes
                0x00000557       0x2e c:/program files (x86)/atmel/studio/7.0/toolchain/arm/arm-gnu-toolchain/bin/../lib/gcc/arm-none-eabi/4.9.3/../../../../arm-none-eabi/lib/armv7e-m\libc.a(lib_a-__call_atexit.o)
 .ARM.attributes
                0x00000585       0x2e c:/program files (x86)/atmel/studio/7.0/toolchain/arm/arm-gnu-toolchain/bin/../lib/gcc/arm-none-eabi/4.9.3/../../../../arm-none-eabi/lib/armv7e-m\libc.a(lib_a-atexit.o)
 .ARM.attributes
                0x000005b3       0x2e c:/program files (x86)/atmel/studio/7.0/toolchain/arm/arm-gnu-toolchain/bin/../lib/gcc/arm-none-eabi/4.9.3/../../../../arm-none-eabi/lib/armv7e-m\libc.a(lib_a-dtoa.o)
 .ARM.attributes
                0x000005e1       0x2e c:/program files (x86)/atmel/studio/7.0/toolchain/arm/arm-gnu-toolchain/bin/../lib/gcc/arm-none-eabi/4.9.3/../../../../arm-none-eabi/lib/armv7e-m\libc.a(lib_a-fflush.o)
 .ARM.attributes
                0x0000060f       0x2e c:/program files (x86)/atmel/studio/7.0/toolchain/arm/arm-gnu-toolchain/bin/../lib/gcc/arm-none-eabi/4.9.3/../../../../arm-none-eabi/lib/armv7e-m\libc.a(lib_a-findfp.o)
 .ARM.attributes
                0x0000063d       0x2e c:/program files (x86)/atmel/studio/7.0/toolchain/arm/arm-gnu-toolchain/bin/../lib/gcc/arm-none-eabi/4.9.3/../../../../arm-none-eabi/lib/armv7e-m\libc.a(lib_a-fini.o)
 .ARM.attributes
                0x0000066b       0x2e c:/program files (x86)/atmel/studio/7.0/toolchain/arm/arm-gnu-toolchain/bin/../lib/gcc/arm-none-eabi/4.9.3/../../../../arm-none-eabi/lib/armv7e-m\libc.a(lib_a-freer.o)
 .ARM.attributes
                0x00000699       0x2e c:/program files (x86)/atmel/studio/7.0/toolchain/arm/arm-gnu-toolchain/bin/../lib/gcc/arm-none-eabi/4.9.3/../../../../arm-none-eabi/lib/armv7e-m\libc.a(lib_a-fwalk.o)
 .ARM.attributes
                0x000006c7       0x2e c:/program files (x86)/atmel/studio/7.0/toolchain/arm/arm-gnu-toolchain/bin/../lib/gcc/arm-none-eabi/4.9.3/../../../../arm-none-eabi/lib/armv7e-m\libc.a(lib_a-locale.o)
 .ARM.attributes
                0x000006f5       0x2e c:/program files (x86)/atmel/studio/7.0/toolchain/arm/arm-gnu-toolchain/bin/../lib/gcc/arm-none-eabi/4.9.3/../../../../arm-none-eabi/lib/armv7e-m\libc.a(lib_a-malloc.o)
 .ARM.attributes
                0x00000723       0x2e c:/program files (x86)/atmel/studio/7.0/toolchain/arm/arm-gnu-toolchain/bin/../lib/gcc/arm-none-eabi/4.9.3/../../../../arm-none-eabi/lib/armv7e-m\libc.a(lib_a-mallocr.o)
 .ARM.attributes
                0x00000751       0x2e c:/program files (x86)/atmel/studio/7.0/toolchain/arm/arm-gnu-toolchain/bin/../lib/gcc/arm-none-eabi/4.9.3/../../../../arm-none-eabi/lib/armv7e-m\libc.a(lib_a-memchr.o)
 .ARM.attributes
                0x0000077f       0x1c c:/program files (x86)/atmel/studio/7.0/toolchain/arm/arm-gnu-toolchain/bin/../lib/gcc/arm-none-eabi/4.9.3/../../../../arm-none-eabi/lib/armv7e-m\libc.a(lib_a-memcpy.o)
 .ARM.attributes
                0x0000079b       0x2e c:/program files (x86)/atmel/studio/7.0/toolchain/arm/arm-gnu-toolchain/bin/../lib/gcc/arm-none-eabi/4.9.3/../../../../arm-none-eabi/lib/armv7e-m\libc.a(lib_a-memmove.o)
 .ARM.attributes
                0x000007c9       0x2e c:/program files (x86)/atmel/studio/7.0/toolchain/arm/arm-gnu-toolchain/bin/../lib/gcc/arm-none-eabi/4.9.3/../../../../arm-none-eabi/lib/armv7e-m\libc.a(lib_a-mlock.o)
 .ARM.attributes
                0x000007f7       0x2e c:/program files (x86)/atmel/studio/7.0/toolchain/arm/arm-gnu-toolchain/bin/../lib/gcc/arm-none-eabi/4.9.3/../../../../arm-none-eabi/lib/armv7e-m\libc.a(lib_a-mprec.o)
 .ARM.attributes
                0x00000825       0x2e c:/program files (x86)/atmel/studio/7.0/toolchain/arm/arm-gnu-toolchain/bin/../lib/gcc/arm-none-eabi/4.9.3/../../../../arm-none-eabi/lib/armv7e-m\libc.a(lib_a-reallocr.o)
 .ARM.attributes
                0x00000853       0x2e c:/program files (x86)/atmel/studio/7.0/toolchain/arm/arm-gnu-toolchain/bin/../lib/gcc/arm-none-eabi/4.9.3/../../../../arm-none-eabi/lib/armv7e-m\libc.a(lib_a-s_fpclassify.o)
 .ARM.attributes
                0x00000881       0x2e c:/program files (x86)/atmel/studio/7.0/toolchain/arm/arm-gnu-toolchain/bin/../lib/gcc/arm-none-eabi/4.9.3/../../../../arm-none-eabi/lib/armv7e-m\libc.a(lib_a-sbrkr.o)
 .ARM.attributes
                0x000008af       0x2e c:/program files (x86)/atmel/studio/7.0/toolchain/arm/arm-gnu-toolchain/bin/../lib/gcc/arm-none-eabi/4.9.3/../../../../arm-none-eabi/lib/armv7e-m\libc.a(lib_a-stdio.o)
 .ARM.attributes
                0x000008dd       0x2e c:/program files (x86)/atmel/studio/7.0/toolchain/arm/arm-gnu-toolchain/bin/../lib/gcc/arm-none-eabi/4.9.3/../../../../arm-none-eabi/lib/armv7e-m\libc.a(lib_a-strlen.o)
 .ARM.attributes
                0x0000090b       0x2e c:/program files (x86)/atmel/studio/7.0/toolchain/arm/arm-gnu-toolchain/bin/../lib/gcc/arm-none-eabi/4.9.3/../../../../arm-none-eabi/lib/armv7e-m\libc.a(lib_a-svfiprintf.o)
 .ARM.attributes
                0x00000939       0x2e c:/program files (x86)/atmel/studio/7.0/toolchain/arm/arm-gnu-toolchain/bin/../lib/gcc/arm-none-eabi/4.9.3/../../../../arm-none-eabi/lib/armv7e-m\libc.a(lib_a-writer.o)
 .ARM.attributes
                0x00000967       0x2e c:/program files (x86)/atmel/studio/7.0/toolchain/arm/arm-gnu-toolchain/bin/../lib/gcc/arm-none-eabi/4.9.3/../../../../arm-none-eabi/lib/armv7e-m\libc.a(lib_a-__atexit.o)
 .ARM.attributes
                0x00000995       0x2e c:/program files (x86)/atmel/studio/7.0/toolchain/arm/arm-gnu-toolchain/bin/../lib/gcc/arm-none-eabi/4.9.3/../../../../arm-none-eabi/lib/armv7e-m\libc.a(lib_a-callocr.o)
 .ARM.attributes
                0x000009c3       0x2e c:/program files (x86)/atmel/studio/7.0/toolchain/arm/arm-gnu-toolchain/bin/../lib/gcc/arm-none-eabi/4.9.3/../../../../arm-none-eabi/lib/armv7e-m\libc.a(lib_a-closer.o)
 .ARM.attributes
                0x000009f1       0x2e c:/program files (x86)/atmel/studio/7.0/toolchain/arm/arm-gnu-toolchain/bin/../lib/gcc/arm-none-eabi/4.9.3/../../../../arm-none-eabi/lib/armv7e-m\libc.a(lib_a-fclose.o)
 .ARM.attributes
                0x00000a1f       0x2e c:/program files (x86)/atmel/studio/7.0/toolchain/arm/arm-gnu-toolchain/bin/../lib/gcc/arm-none-eabi/4.9.3/../../../../arm-none-eabi/lib/armv7e-m\libc.a(lib_a-lseekr.o)
 .ARM.attributes
                0x00000a4d       0x2e c:/program files (x86)/atmel/studio/7.0/toolchain/arm/arm-gnu-toolchain/bin/../lib/gcc/arm-none-eabi/4.9.3/../../../../arm-none-eabi/lib/armv7e-m\libc.a(lib_a-readr.o)
 .ARM.attributes
                0x00000a7b       0x2e c:/program files (x86)/atmel/studio/7.0/toolchain/arm/arm-gnu-toolchain/bin/../lib/gcc/arm-none-eabi/4.9.3/../../../../arm-none-eabi/lib/armv7e-m\libc.a(lib_a-reent.o)
 .ARM.attributes
                0x00000aa9       0x1e c:/program files (x86)/atmel/studio/7.0/toolchain/arm/arm-gnu-toolchain/bin/../lib/gcc/arm-none-eabi/4.9.3/armv7e-m\libgcc.a(_arm_addsubdf3.o)
 .ARM.attributes
                0x00000ac7       0x1e c:/program files (x86)/atmel/studio/7.0/toolchain/arm/arm-gnu-toolchain/bin/../lib/gcc/arm-none-eabi/4.9.3/armv7e-m\libgcc.a(_arm_muldivdf3.o)
 .ARM.attributes
                0x00000ae5       0x1e c:/program files (x86)/atmel/studio/7.0/toolchain/arm/arm-gnu-toolchain/bin/../lib/gcc/arm-none-eabi/4.9.3/armv7e-m\libgcc.a(_arm_cmpdf2.o)
 .ARM.attributes
                0x00000b03       0x1e c:/program files (x86)/atmel/studio/7.0/toolchain/arm/arm-gnu-toolchain/bin/../lib/gcc/arm-none-eabi/4.9.3/armv7e-m\libgcc.a(_arm_fixdfsi.o)
 .ARM.attributes
                0x00000b21       0x1e c:/program files (x86)/atmel/studio/7.0/toolchain/arm/arm-gnu-toolchain/bin/../lib/gcc/arm-none-eabi/4.9.3/armv7e-m\libgcc.a(_aeabi_uldivmod.o)
 .ARM.attributes
                0x00000b3f       0x2e c:/program files (x86)/atmel/studio/7.0/toolchain/arm/arm-gnu-toolchain/bin/../lib/gcc/arm-none-eabi/4.9.3/armv7e-m\libgcc.a(bpabi.o)
 .ARM.attributes
                0x00000b6d       0x1e c:/program files (x86)/atmel/studio/7.0/toolchain/arm/arm-gnu-toolchain/bin/../lib/gcc/arm-none-eabi/4.9.3/armv7e-m\libgcc.a(_dvmd_tls.o)
 .ARM.attributes
                0x00000b8b       0x2e c:/program files (x86)/atmel/studio/7.0/toolchain/arm/arm-gnu-toolchain/bin/../lib/gcc/arm-none-eabi/4.9.3/armv7e-m\libgcc.a(_divdi3.o)
 .ARM.attributes
                0x00000bb9       0x2e c:/program files (x86)/atmel/studio/7.0/toolchain/arm/arm-gnu-toolchain/bin/../lib/gcc/arm-none-eabi/4.9.3/armv7e-m\libgcc.a(_udivdi3.o)
 .ARM.attributes
                0x00000be7       0x1e c:/program files (x86)/atmel/studio/7.0/toolchain/arm/arm-gnu-toolchain/bin/../lib/gcc/arm-none-eabi/4.9.3/armv7e-m/crtn.o

.comment        0x00000000       0x5b
 .comment       0x00000000       0x5b src/ASF/common/services/clock/sam4s/sysclk.o
                                 0x5c (size before relaxing)
 .comment       0x00000000       0x5c src/ASF/common/utils/interrupt/interrupt_sam_nvic.o
 .comment       0x00000000       0x5c src/ASF/common/utils/stdio/read.o
 .comment       0x00000000       0x5c src/ASF/common/utils/stdio/write.o
 .comment       0x00000000       0x5c src/ASF/sam/boards/sam4s_ek2/init.o
 .comment       0x00000000       0x5c src/ASF/sam/components/display/aat31xx/aat31xx.o
 .comment       0x00000000       0x5c src/ASF/sam/components/display/ili93xx/ili93xx.o
 .comment       0x00000000       0x5c src/ASF/sam/drivers/ebi/smc/smc.o
 .comment       0x00000000       0x5c src/ASF/sam/drivers/pio/pio.o
 .comment       0x00000000       0x5c src/ASF/sam/drivers/pio/pio_handler.o
 .comment       0x00000000       0x5c src/ASF/sam/drivers/pmc/pmc.o
 .comment       0x00000000       0x5c src/ASF/sam/drivers/pmc/sleep.o
 .comment       0x00000000       0x5c src/ASF/sam/drivers/tc/tc.o
 .comment       0x00000000       0x5c src/ASF/sam/drivers/uart/uart.o
 .comment       0x00000000       0x5c src/ASF/sam/drivers/usart/usart.o
 .comment       0x00000000       0x5c src/ASF/sam/utils/cmsis/sam4s/source/templates/gcc/startup_sam4s.o
 .comment       0x00000000       0x5c src/ASF/sam/utils/cmsis/sam4s/source/templates/system_sam4s.o
 .comment       0x00000000       0x5c src/ASF/sam/utils/syscalls/gcc/syscalls.o
 .comment       0x00000000       0x5c src/ili93xx_example.o

.debug_info     0x00000000     0xef9e
 .debug_info    0x00000000      0x736 src/ASF/common/services/clock/sam4s/sysclk.o
 .debug_info    0x00000736      0x1e8 src/ASF/common/utils/interrupt/interrupt_sam_nvic.o
 .debug_info    0x0000091e      0x1be src/ASF/common/utils/stdio/read.o
 .debug_info    0x00000adc      0x1c0 src/ASF/common/utils/stdio/write.o
 .debug_info    0x00000c9c      0x980 src/ASF/sam/boards/sam4s_ek2/init.o
 .debug_info    0x0000161c      0x8a6 src/ASF/sam/components/display/aat31xx/aat31xx.o
 .debug_info    0x00001ec2     0x2aa4 src/ASF/sam/components/display/ili93xx/ili93xx.o
 .debug_info    0x00004966      0x3dd src/ASF/sam/drivers/ebi/smc/smc.o
 .debug_info    0x00004d43     0x1951 src/ASF/sam/drivers/pio/pio.o
 .debug_info    0x00006694      0xf77 src/ASF/sam/drivers/pio/pio_handler.o
 .debug_info    0x0000760b     0x10d2 src/ASF/sam/drivers/pmc/pmc.o
 .debug_info    0x000086dd      0xa6b src/ASF/sam/drivers/pmc/sleep.o
 .debug_info    0x00009148      0x933 src/ASF/sam/drivers/tc/tc.o
 .debug_info    0x00009a7b      0x863 src/ASF/sam/drivers/uart/uart.o
 .debug_info    0x0000a2de     0x1775 src/ASF/sam/drivers/usart/usart.o
 .debug_info    0x0000ba53      0x68d src/ASF/sam/utils/cmsis/sam4s/source/templates/gcc/startup_sam4s.o
 .debug_info    0x0000c0e0      0x469 src/ASF/sam/utils/cmsis/sam4s/source/templates/system_sam4s.o
 .debug_info    0x0000c549      0x43f src/ASF/sam/utils/syscalls/gcc/syscalls.o
 .debug_info    0x0000c988     0x2616 src/ili93xx_example.o

.debug_abbrev   0x00000000     0x2586
 .debug_abbrev  0x00000000      0x221 src/ASF/common/services/clock/sam4s/sysclk.o
 .debug_abbrev  0x00000221       0xef src/ASF/common/utils/interrupt/interrupt_sam_nvic.o
 .debug_abbrev  0x00000310      0x101 src/ASF/common/utils/stdio/read.o
 .debug_abbrev  0x00000411       0xf5 src/ASF/common/utils/stdio/write.o
 .debug_abbrev  0x00000506      0x17c src/ASF/sam/boards/sam4s_ek2/init.o
 .debug_abbrev  0x00000682      0x1d2 src/ASF/sam/components/display/aat31xx/aat31xx.o
 .debug_abbrev  0x00000854      0x39f src/ASF/sam/components/display/ili93xx/ili93xx.o
 .debug_abbrev  0x00000bf3      0x113 src/ASF/sam/drivers/ebi/smc/smc.o
 .debug_abbrev  0x00000d06      0x30b src/ASF/sam/drivers/pio/pio.o
 .debug_abbrev  0x00001011      0x280 src/ASF/sam/drivers/pio/pio_handler.o
 .debug_abbrev  0x00001291      0x277 src/ASF/sam/drivers/pmc/pmc.o
 .debug_abbrev  0x00001508      0x228 src/ASF/sam/drivers/pmc/sleep.o
 .debug_abbrev  0x00001730      0x1ca src/ASF/sam/drivers/tc/tc.o
 .debug_abbrev  0x000018fa      0x1bd src/ASF/sam/drivers/uart/uart.o
 .debug_abbrev  0x00001ab7      0x318 src/ASF/sam/drivers/usart/usart.o
 .debug_abbrev  0x00001dcf      0x168 src/ASF/sam/utils/cmsis/sam4s/source/templates/gcc/startup_sam4s.o
 .debug_abbrev  0x00001f37       0xf5 src/ASF/sam/utils/cmsis/sam4s/source/templates/system_sam4s.o
 .debug_abbrev  0x0000202c      0x14e src/ASF/sam/utils/syscalls/gcc/syscalls.o
 .debug_abbrev  0x0000217a      0x40c src/ili93xx_example.o

.debug_loc      0x00000000     0x6942
 .debug_loc     0x00000000       0xed src/ASF/common/services/clock/sam4s/sysclk.o
 .debug_loc     0x000000ed       0x1e src/ASF/common/utils/interrupt/interrupt_sam_nvic.o
 .debug_loc     0x0000010b      0x107 src/ASF/common/utils/stdio/read.o
 .debug_loc     0x00000212      0x15d src/ASF/common/utils/stdio/write.o
 .debug_loc     0x0000036f       0x20 src/ASF/sam/boards/sam4s_ek2/init.o
 .debug_loc     0x0000038f       0xad src/ASF/sam/components/display/aat31xx/aat31xx.o
 .debug_loc     0x0000043c     0x22d7 src/ASF/sam/components/display/ili93xx/ili93xx.o
 .debug_loc     0x00002713       0xe7 src/ASF/sam/drivers/ebi/smc/smc.o
 .debug_loc     0x000027fa      0xdd7 src/ASF/sam/drivers/pio/pio.o
 .debug_loc     0x000035d1      0x553 src/ASF/sam/drivers/pio/pio_handler.o
 .debug_loc     0x00003b24      0xd88 src/ASF/sam/drivers/pmc/pmc.o
 .debug_loc     0x000048ac      0x300 src/ASF/sam/drivers/pmc/sleep.o
 .debug_loc     0x00004bac      0x6ab src/ASF/sam/drivers/tc/tc.o
 .debug_loc     0x00005257      0x277 src/ASF/sam/drivers/uart/uart.o
 .debug_loc     0x000054ce      0xf46 src/ASF/sam/drivers/usart/usart.o
 .debug_loc     0x00006414       0xc6 src/ASF/sam/utils/cmsis/sam4s/source/templates/gcc/startup_sam4s.o
 .debug_loc     0x000064da      0x12b src/ASF/sam/utils/syscalls/gcc/syscalls.o
 .debug_loc     0x00006605      0x33d src/ili93xx_example.o

.debug_aranges  0x00000000      0xba0
 .debug_aranges
                0x00000000       0x30 src/ASF/common/services/clock/sam4s/sysclk.o
 .debug_aranges
                0x00000030       0x28 src/ASF/common/utils/interrupt/interrupt_sam_nvic.o
 .debug_aranges
                0x00000058       0x20 src/ASF/common/utils/stdio/read.o
 .debug_aranges
                0x00000078       0x20 src/ASF/common/utils/stdio/write.o
 .debug_aranges
                0x00000098       0x20 src/ASF/sam/boards/sam4s_ek2/init.o
 .debug_aranges
                0x000000b8       0x28 src/ASF/sam/components/display/aat31xx/aat31xx.o
 .debug_aranges
                0x000000e0      0x170 src/ASF/sam/components/display/ili93xx/ili93xx.o
 .debug_aranges
                0x00000250       0x50 src/ASF/sam/drivers/ebi/smc/smc.o
 .debug_aranges
                0x000002a0      0x1a8 src/ASF/sam/drivers/pio/pio.o
 .debug_aranges
                0x00000448       0x58 src/ASF/sam/drivers/pio/pio_handler.o
 .debug_aranges
                0x000004a0      0x208 src/ASF/sam/drivers/pmc/pmc.o
 .debug_aranges
                0x000006a8       0x30 src/ASF/sam/drivers/pmc/sleep.o
 .debug_aranges
                0x000006d8       0xd0 src/ASF/sam/drivers/tc/tc.o
 .debug_aranges
                0x000007a8       0xe8 src/ASF/sam/drivers/uart/uart.o
 .debug_aranges
                0x00000890      0x210 src/ASF/sam/drivers/usart/usart.o
 .debug_aranges
                0x00000aa0       0x28 src/ASF/sam/utils/cmsis/sam4s/source/templates/gcc/startup_sam4s.o
 .debug_aranges
                0x00000ac8       0x30 src/ASF/sam/utils/cmsis/sam4s/source/templates/system_sam4s.o
 .debug_aranges
                0x00000af8       0x60 src/ASF/sam/utils/syscalls/gcc/syscalls.o
 .debug_aranges
                0x00000b58       0x48 src/ili93xx_example.o

.debug_ranges   0x00000000      0xb28
 .debug_ranges  0x00000000       0x20 src/ASF/common/services/clock/sam4s/sysclk.o
 .debug_ranges  0x00000020       0x18 src/ASF/common/utils/interrupt/interrupt_sam_nvic.o
 .debug_ranges  0x00000038       0x10 src/ASF/common/utils/stdio/read.o
 .debug_ranges  0x00000048       0x10 src/ASF/common/utils/stdio/write.o
 .debug_ranges  0x00000058       0x10 src/ASF/sam/boards/sam4s_ek2/init.o
 .debug_ranges  0x00000068       0x30 src/ASF/sam/components/display/aat31xx/aat31xx.o
 .debug_ranges  0x00000098      0x200 src/ASF/sam/components/display/ili93xx/ili93xx.o
 .debug_ranges  0x00000298       0x40 src/ASF/sam/drivers/ebi/smc/smc.o
 .debug_ranges  0x000002d8      0x198 src/ASF/sam/drivers/pio/pio.o
 .debug_ranges  0x00000470       0x48 src/ASF/sam/drivers/pio/pio_handler.o
 .debug_ranges  0x000004b8      0x1f8 src/ASF/sam/drivers/pmc/pmc.o
 .debug_ranges  0x000006b0       0x20 src/ASF/sam/drivers/pmc/sleep.o
 .debug_ranges  0x000006d0       0xc0 src/ASF/sam/drivers/tc/tc.o
 .debug_ranges  0x00000790       0xd8 src/ASF/sam/drivers/uart/uart.o
 .debug_ranges  0x00000868      0x200 src/ASF/sam/drivers/usart/usart.o
 .debug_ranges  0x00000a68       0x18 src/ASF/sam/utils/cmsis/sam4s/source/templates/gcc/startup_sam4s.o
 .debug_ranges  0x00000a80       0x20 src/ASF/sam/utils/cmsis/sam4s/source/templates/system_sam4s.o
 .debug_ranges  0x00000aa0       0x50 src/ASF/sam/utils/syscalls/gcc/syscalls.o
 .debug_ranges  0x00000af0       0x38 src/ili93xx_example.o

.debug_macro    0x00000000    0x154b4
 .debug_macro   0x00000000      0x522 src/ASF/common/services/clock/sam4s/sysclk.o
 .debug_macro   0x00000522      0x89e src/ASF/common/services/clock/sam4s/sysclk.o
 .debug_macro   0x00000dc0      0x644 src/ASF/common/services/clock/sam4s/sysclk.o
 .debug_macro   0x00001404       0x28 src/ASF/common/services/clock/sam4s/sysclk.o
 .debug_macro   0x0000142c      0x166 src/ASF/common/services/clock/sam4s/sysclk.o
 .debug_macro   0x00001592       0x76 src/ASF/common/services/clock/sam4s/sysclk.o
 .debug_macro   0x00001608       0x16 src/ASF/common/services/clock/sam4s/sysclk.o
 .debug_macro   0x0000161e      0x6e4 src/ASF/common/services/clock/sam4s/sysclk.o
 .debug_macro   0x00001d02       0x22 src/ASF/common/services/clock/sam4s/sysclk.o
 .debug_macro   0x00001d24       0x44 src/ASF/common/services/clock/sam4s/sysclk.o
 .debug_macro   0x00001d68       0x58 src/ASF/common/services/clock/sam4s/sysclk.o
 .debug_macro   0x00001dc0       0x22 src/ASF/common/services/clock/sam4s/sysclk.o
 .debug_macro   0x00001de2      0x1df src/ASF/common/services/clock/sam4s/sysclk.o
 .debug_macro   0x00001fc1       0x27 src/ASF/common/services/clock/sam4s/sysclk.o
 .debug_macro   0x00001fe8       0x3b src/ASF/common/services/clock/sam4s/sysclk.o
 .debug_macro   0x00002023       0x2d src/ASF/common/services/clock/sam4s/sysclk.o
 .debug_macro   0x00002050       0x26 src/ASF/common/services/clock/sam4s/sysclk.o
 .debug_macro   0x00002076      0xbbf src/ASF/common/services/clock/sam4s/sysclk.o
 .debug_macro   0x00002c35      0x159 src/ASF/common/services/clock/sam4s/sysclk.o
 .debug_macro   0x00002d8e      0xaaf src/ASF/common/services/clock/sam4s/sysclk.o
 .debug_macro   0x0000383d      0x284 src/ASF/common/services/clock/sam4s/sysclk.o
 .debug_macro   0x00003ac1      0x11e src/ASF/common/services/clock/sam4s/sysclk.o
 .debug_macro   0x00003bdf       0xac src/ASF/common/services/clock/sam4s/sysclk.o
 .debug_macro   0x00003c8b      0x401 src/ASF/common/services/clock/sam4s/sysclk.o
 .debug_macro   0x0000408c      0x106 src/ASF/common/services/clock/sam4s/sysclk.o
 .debug_macro   0x00004192       0x1c src/ASF/common/services/clock/sam4s/sysclk.o
 .debug_macro   0x000041ae      0x738 src/ASF/common/services/clock/sam4s/sysclk.o
 .debug_macro   0x000048e6      0x2d2 src/ASF/common/services/clock/sam4s/sysclk.o
 .debug_macro   0x00004bb8       0xbe src/ASF/common/services/clock/sam4s/sysclk.o
 .debug_macro   0x00004c76     0x280b src/ASF/common/services/clock/sam4s/sysclk.o
 .debug_macro   0x00007481      0x777 src/ASF/common/services/clock/sam4s/sysclk.o
 .debug_macro   0x00007bf8      0xa8e src/ASF/common/services/clock/sam4s/sysclk.o
 .debug_macro   0x00008686       0x9a src/ASF/common/services/clock/sam4s/sysclk.o
 .debug_macro   0x00008720      0x3d8 src/ASF/common/services/clock/sam4s/sysclk.o
 .debug_macro   0x00008af8       0x64 src/ASF/common/services/clock/sam4s/sysclk.o
 .debug_macro   0x00008b5c      0x1ae src/ASF/common/services/clock/sam4s/sysclk.o
 .debug_macro   0x00008d0a      0x386 src/ASF/common/services/clock/sam4s/sysclk.o
 .debug_macro   0x00009090      0x624 src/ASF/common/services/clock/sam4s/sysclk.o
 .debug_macro   0x000096b4      0x690 src/ASF/common/services/clock/sam4s/sysclk.o
 .debug_macro   0x00009d44      0x59f src/ASF/common/services/clock/sam4s/sysclk.o
 .debug_macro   0x0000a2e3      0x34d src/ASF/common/services/clock/sam4s/sysclk.o
 .debug_macro   0x0000a630      0x28c src/ASF/common/services/clock/sam4s/sysclk.o
 .debug_macro   0x0000a8bc      0x2d6 src/ASF/common/services/clock/sam4s/sysclk.o
 .debug_macro   0x0000ab92      0x6d9 src/ASF/common/services/clock/sam4s/sysclk.o
 .debug_macro   0x0000b26b       0x76 src/ASF/common/services/clock/sam4s/sysclk.o
 .debug_macro   0x0000b2e1       0xb8 src/ASF/common/services/clock/sam4s/sysclk.o
 .debug_macro   0x0000b399       0xb2 src/ASF/common/services/clock/sam4s/sysclk.o
 .debug_macro   0x0000b44b       0x88 src/ASF/common/services/clock/sam4s/sysclk.o
 .debug_macro   0x0000b4d3      0x105 src/ASF/common/services/clock/sam4s/sysclk.o
 .debug_macro   0x0000b5d8      0x105 src/ASF/common/services/clock/sam4s/sysclk.o
 .debug_macro   0x0000b6dd       0x88 src/ASF/common/services/clock/sam4s/sysclk.o
 .debug_macro   0x0000b765       0x88 src/ASF/common/services/clock/sam4s/sysclk.o
 .debug_macro   0x0000b7ed      0x2cd src/ASF/common/services/clock/sam4s/sysclk.o
 .debug_macro   0x0000baba       0xb2 src/ASF/common/services/clock/sam4s/sysclk.o
 .debug_macro   0x0000bb6c       0xb2 src/ASF/common/services/clock/sam4s/sysclk.o
 .debug_macro   0x0000bc1e       0x52 src/ASF/common/services/clock/sam4s/sysclk.o
 .debug_macro   0x0000bc70       0xac src/ASF/common/services/clock/sam4s/sysclk.o
 .debug_macro   0x0000bd1c       0x7c src/ASF/common/services/clock/sam4s/sysclk.o
 .debug_macro   0x0000bd98       0x40 src/ASF/common/services/clock/sam4s/sysclk.o
 .debug_macro   0x0000bdd8       0x64 src/ASF/common/services/clock/sam4s/sysclk.o
 .debug_macro   0x0000be3c       0x46 src/ASF/common/services/clock/sam4s/sysclk.o
 .debug_macro   0x0000be82       0x88 src/ASF/common/services/clock/sam4s/sysclk.o
 .debug_macro   0x0000bf0a       0x4c src/ASF/common/services/clock/sam4s/sysclk.o
 .debug_macro   0x0000bf56       0xa6 src/ASF/common/services/clock/sam4s/sysclk.o
 .debug_macro   0x0000bffc       0x7c src/ASF/common/services/clock/sam4s/sysclk.o
 .debug_macro   0x0000c078       0x16 src/ASF/common/services/clock/sam4s/sysclk.o
 .debug_macro   0x0000c08e       0x7c src/ASF/common/services/clock/sam4s/sysclk.o
 .debug_macro   0x0000c10a       0x22 src/ASF/common/services/clock/sam4s/sysclk.o
 .debug_macro   0x0000c12c       0x22 src/ASF/common/services/clock/sam4s/sysclk.o
 .debug_macro   0x0000c14e      0x195 src/ASF/common/services/clock/sam4s/sysclk.o
 .debug_macro   0x0000c2e3      0x165 src/ASF/common/services/clock/sam4s/sysclk.o
 .debug_macro   0x0000c448      0x165 src/ASF/common/services/clock/sam4s/sysclk.o
 .debug_macro   0x0000c5ad       0x1c src/ASF/common/services/clock/sam4s/sysclk.o
 .debug_macro   0x0000c5c9       0x2e src/ASF/common/services/clock/sam4s/sysclk.o
 .debug_macro   0x0000c5f7       0x22 src/ASF/common/services/clock/sam4s/sysclk.o
 .debug_macro   0x0000c619       0x1c src/ASF/common/services/clock/sam4s/sysclk.o
 .debug_macro   0x0000c635       0x52 src/ASF/common/services/clock/sam4s/sysclk.o
 .debug_macro   0x0000c687       0x10 src/ASF/common/services/clock/sam4s/sysclk.o
 .debug_macro   0x0000c697      0x234 src/ASF/common/services/clock/sam4s/sysclk.o
 .debug_macro   0x0000c8cb      0x938 src/ASF/common/services/clock/sam4s/sysclk.o
 .debug_macro   0x0000d203      0x12a src/ASF/common/services/clock/sam4s/sysclk.o
 .debug_macro   0x0000d32d       0x58 src/ASF/common/services/clock/sam4s/sysclk.o
 .debug_macro   0x0000d385       0x35 src/ASF/common/services/clock/sam4s/sysclk.o
 .debug_macro   0x0000d3ba       0x9c src/ASF/common/services/clock/sam4s/sysclk.o
 .debug_macro   0x0000d456       0x16 src/ASF/common/services/clock/sam4s/sysclk.o
 .debug_macro   0x0000d46c       0x35 src/ASF/common/services/clock/sam4s/sysclk.o
 .debug_macro   0x0000d4a1      0x29d src/ASF/common/services/clock/sam4s/sysclk.o
 .debug_macro   0x0000d73e       0x10 src/ASF/common/services/clock/sam4s/sysclk.o
 .debug_macro   0x0000d74e       0x52 src/ASF/common/services/clock/sam4s/sysclk.o
 .debug_macro   0x0000d7a0       0x16 src/ASF/common/services/clock/sam4s/sysclk.o
 .debug_macro   0x0000d7b6       0x43 src/ASF/common/services/clock/sam4s/sysclk.o
 .debug_macro   0x0000d7f9      0x180 src/ASF/common/services/clock/sam4s/sysclk.o
 .debug_macro   0x0000d979       0x10 src/ASF/common/services/clock/sam4s/sysclk.o
 .debug_macro   0x0000d989       0x22 src/ASF/common/services/clock/sam4s/sysclk.o
 .debug_macro   0x0000d9ab       0xbe src/ASF/common/services/clock/sam4s/sysclk.o
 .debug_macro   0x0000da69       0x16 src/ASF/common/services/clock/sam4s/sysclk.o
 .debug_macro   0x0000da7f      0x197 src/ASF/common/services/clock/sam4s/sysclk.o
 .debug_macro   0x0000dc16       0x22 src/ASF/common/services/clock/sam4s/sysclk.o
 .debug_macro   0x0000dc38       0x16 src/ASF/common/services/clock/sam4s/sysclk.o
 .debug_macro   0x0000dc4e       0x16 src/ASF/common/services/clock/sam4s/sysclk.o
 .debug_macro   0x0000dc64       0x29 src/ASF/common/services/clock/sam4s/sysclk.o
 .debug_macro   0x0000dc8d       0x75 src/ASF/common/services/clock/sam4s/sysclk.o
 .debug_macro   0x0000dd02       0x3f src/ASF/common/services/clock/sam4s/sysclk.o
 .debug_macro   0x0000dd41      0x3ca src/ASF/common/services/clock/sam4s/sysclk.o
 .debug_macro   0x0000e10b      0x2a4 src/ASF/common/services/clock/sam4s/sysclk.o
 .debug_macro   0x0000e3af      0xa49 src/ASF/common/services/clock/sam4s/sysclk.o
 .debug_macro   0x0000edf8       0x58 src/ASF/common/services/clock/sam4s/sysclk.o
 .debug_macro   0x0000ee50       0x64 src/ASF/common/services/clock/sam4s/sysclk.o
 .debug_macro   0x0000eeb4       0x46 src/ASF/common/services/clock/sam4s/sysclk.o
 .debug_macro   0x0000eefa       0x90 src/ASF/common/services/clock/sam4s/sysclk.o
 .debug_macro   0x0000ef8a      0x4a8 src/ASF/common/utils/interrupt/interrupt_sam_nvic.o
 .debug_macro   0x0000f432      0x4a8 src/ASF/common/utils/stdio/read.o
 .debug_macro   0x0000f8da      0x4a8 src/ASF/common/utils/stdio/write.o
 .debug_macro   0x0000fd82      0x561 src/ASF/sam/boards/sam4s_ek2/init.o
 .debug_macro   0x000102e3       0x22 src/ASF/sam/boards/sam4s_ek2/init.o
 .debug_macro   0x00010305       0x94 src/ASF/sam/boards/sam4s_ek2/init.o
 .debug_macro   0x00010399       0x40 src/ASF/sam/boards/sam4s_ek2/init.o
 .debug_macro   0x000103d9       0x82 src/ASF/sam/boards/sam4s_ek2/init.o
 .debug_macro   0x0001045b      0x570 src/ASF/sam/components/display/aat31xx/aat31xx.o
 .debug_macro   0x000109cb       0x16 src/ASF/sam/components/display/aat31xx/aat31xx.o
 .debug_macro   0x000109e1      0x510 src/ASF/sam/components/display/ili93xx/ili93xx.o
 .debug_macro   0x00010ef1       0x4a src/ASF/sam/components/display/ili93xx/ili93xx.o
 .debug_macro   0x00010f3b       0x10 src/ASF/sam/components/display/ili93xx/ili93xx.o
 .debug_macro   0x00010f4b       0x1c src/ASF/sam/components/display/ili93xx/ili93xx.o
 .debug_macro   0x00010f67       0x16 src/ASF/sam/components/display/ili93xx/ili93xx.o
 .debug_macro   0x00010f7d      0x14f src/ASF/sam/components/display/ili93xx/ili93xx.o
 .debug_macro   0x000110cc      0x287 src/ASF/sam/components/display/ili93xx/ili93xx.o
 .debug_macro   0x00011353      0x7ed src/ASF/sam/components/display/ili93xx/ili93xx.o
 .debug_macro   0x00011b40      0x4d5 src/ASF/sam/drivers/ebi/smc/smc.o
 .debug_macro   0x00012015      0x4bd src/ASF/sam/drivers/pio/pio.o
 .debug_macro   0x000124d2       0x8e src/ASF/sam/drivers/pio/pio.o
 .debug_macro   0x00012560      0x4c7 src/ASF/sam/drivers/pio/pio_handler.o
 .debug_macro   0x00012a27      0x4bd src/ASF/sam/drivers/pmc/pmc.o
 .debug_macro   0x00012ee4       0x52 src/ASF/sam/drivers/pmc/pmc.o
 .debug_macro   0x00012f36      0x4d7 src/ASF/sam/drivers/pmc/sleep.o
 .debug_macro   0x0001340d       0x34 src/ASF/sam/drivers/pmc/sleep.o
 .debug_macro   0x00013441      0x4be src/ASF/sam/drivers/tc/tc.o
 .debug_macro   0x000138ff      0x4b7 src/ASF/sam/drivers/uart/uart.o
 .debug_macro   0x00013db6       0x16 src/ASF/sam/drivers/uart/uart.o
 .debug_macro   0x00013dcc      0x4ed src/ASF/sam/drivers/usart/usart.o
 .debug_macro   0x000142b9       0x28 src/ASF/sam/drivers/usart/usart.o
 .debug_macro   0x000142e1      0x316 src/ASF/sam/utils/cmsis/sam4s/source/templates/gcc/startup_sam4s.o
 .debug_macro   0x000145f7      0x31e src/ASF/sam/utils/cmsis/sam4s/source/templates/system_sam4s.o
 .debug_macro   0x00014915      0x169 src/ASF/sam/utils/syscalls/gcc/syscalls.o
 .debug_macro   0x00014a7e       0x97 src/ASF/sam/utils/syscalls/gcc/syscalls.o
 .debug_macro   0x00014b15       0xef src/ASF/sam/utils/syscalls/gcc/syscalls.o
 .debug_macro   0x00014c04       0x52 src/ASF/sam/utils/syscalls/gcc/syscalls.o
 .debug_macro   0x00014c56       0x16 src/ASF/sam/utils/syscalls/gcc/syscalls.o
 .debug_macro   0x00014c6c       0x10 src/ASF/sam/utils/syscalls/gcc/syscalls.o
 .debug_macro   0x00014c7c       0x10 src/ASF/sam/utils/syscalls/gcc/syscalls.o
 .debug_macro   0x00014c8c       0x10 src/ASF/sam/utils/syscalls/gcc/syscalls.o
 .debug_macro   0x00014c9c       0x35 src/ASF/sam/utils/syscalls/gcc/syscalls.o
 .debug_macro   0x00014cd1      0x122 src/ASF/sam/utils/syscalls/gcc/syscalls.o
 .debug_macro   0x00014df3      0x6b1 src/ili93xx_example.o
 .debug_macro   0x000154a4       0x10 src/ili93xx_example.o

.debug_line     0x00000000     0xdfc2
 .debug_line    0x00000000      0xb5d src/ASF/common/services/clock/sam4s/sysclk.o
 .debug_line    0x00000b5d      0xa45 src/ASF/common/utils/interrupt/interrupt_sam_nvic.o
 .debug_line    0x000015a2      0xa32 src/ASF/common/utils/stdio/read.o
 .debug_line    0x00001fd4      0xa28 src/ASF/common/utils/stdio/write.o
 .debug_line    0x000029fc      0xc22 src/ASF/sam/boards/sam4s_ek2/init.o
 .debug_line    0x0000361e      0xc2f src/ASF/sam/components/display/aat31xx/aat31xx.o
 .debug_line    0x0000424d     0x1233 src/ASF/sam/components/display/ili93xx/ili93xx.o
 .debug_line    0x00005480      0xad5 src/ASF/sam/drivers/ebi/smc/smc.o
 .debug_line    0x00005f55      0xeb9 src/ASF/sam/drivers/pio/pio.o
 .debug_line    0x00006e0e      0xade src/ASF/sam/drivers/pio/pio_handler.o
 .debug_line    0x000078ec      0xfe5 src/ASF/sam/drivers/pmc/pmc.o
 .debug_line    0x000088d1      0xb80 src/ASF/sam/drivers/pmc/sleep.o
 .debug_line    0x00009451      0xbca src/ASF/sam/drivers/tc/tc.o
 .debug_line    0x0000a01b      0xbe0 src/ASF/sam/drivers/uart/uart.o
 .debug_line    0x0000abfb      0xf9e src/ASF/sam/drivers/usart/usart.o
 .debug_line    0x0000bb99      0x87d src/ASF/sam/utils/cmsis/sam4s/source/templates/gcc/startup_sam4s.o
 .debug_line    0x0000c416      0x897 src/ASF/sam/utils/cmsis/sam4s/source/templates/system_sam4s.o
 .debug_line    0x0000ccad      0x399 src/ASF/sam/utils/syscalls/gcc/syscalls.o
 .debug_line    0x0000d046      0xf7c src/ili93xx_example.o

.debug_str      0x00000000    0x5930a
 .debug_str     0x00000000    0x4e661 src/ASF/common/services/clock/sam4s/sysclk.o
                              0x4e9df (size before relaxing)
 .debug_str     0x0004e661       0x94 src/ASF/common/utils/interrupt/interrupt_sam_nvic.o
                              0x49d6b (size before relaxing)
 .debug_str     0x0004e6f5       0x3f src/ASF/common/utils/stdio/read.o
                              0x49d1a (size before relaxing)
 .debug_str     0x0004e734       0x2e src/ASF/common/utils/stdio/write.o
                              0x49d1c (size before relaxing)
 .debug_str     0x0004e762      0xbd1 src/ASF/sam/boards/sam4s_ek2/init.o
                              0x4f323 (size before relaxing)
 .debug_str     0x0004f333      0x224 src/ASF/sam/components/display/aat31xx/aat31xx.o
                              0x4ee8e (size before relaxing)
 .debug_str     0x0004f557     0x65c5 src/ASF/sam/components/display/ili93xx/ili93xx.o
                              0x54436 (size before relaxing)
 .debug_str     0x00055b1c      0x19a src/ASF/sam/drivers/ebi/smc/smc.o
                              0x4df5c (size before relaxing)
 .debug_str     0x00055cb6      0x5c0 src/ASF/sam/drivers/pio/pio.o
                              0x4a92f (size before relaxing)
 .debug_str     0x00056276      0x40b src/ASF/sam/drivers/pio/pio_handler.o
                              0x4a7aa (size before relaxing)
 .debug_str     0x00056681      0x6df src/ASF/sam/drivers/pmc/pmc.o
                              0x4a77e (size before relaxing)
 .debug_str     0x00056d60      0x24a src/ASF/sam/drivers/pmc/sleep.o
                              0x4e462 (size before relaxing)
 .debug_str     0x00056faa      0x2e9 src/ASF/sam/drivers/tc/tc.o
                              0x4a07a (size before relaxing)
 .debug_str     0x00057293      0x338 src/ASF/sam/drivers/uart/uart.o
                              0x4a0ce (size before relaxing)
 .debug_str     0x000575cb      0x949 src/ASF/sam/drivers/usart/usart.o
                              0x4a714 (size before relaxing)
 .debug_str     0x00057f14      0x40e src/ASF/sam/utils/cmsis/sam4s/source/templates/gcc/startup_sam4s.o
                              0x3b474 (size before relaxing)
 .debug_str     0x00058322       0xcd src/ASF/sam/utils/cmsis/sam4s/source/templates/system_sam4s.o
                              0x3b23d (size before relaxing)
 .debug_str     0x000583ef      0x852 src/ASF/sam/utils/syscalls/gcc/syscalls.o
                               0x6108 (size before relaxing)
 .debug_str     0x00058c41      0x6c9 src/ili93xx_example.o
                              0x56082 (size before relaxing)

.debug_frame    0x00000000     0x277c
 .debug_frame   0x00000000       0x58 src/ASF/common/services/clock/sam4s/sysclk.o
 .debug_frame   0x00000058       0x30 src/ASF/common/utils/interrupt/interrupt_sam_nvic.o
 .debug_frame   0x00000088       0x38 src/ASF/common/utils/stdio/read.o
 .debug_frame   0x000000c0       0x48 src/ASF/common/utils/stdio/write.o
 .debug_frame   0x00000108       0x2c src/ASF/sam/boards/sam4s_ek2/init.o
 .debug_frame   0x00000134       0x50 src/ASF/sam/components/display/aat31xx/aat31xx.o
 .debug_frame   0x00000184      0x4d4 src/ASF/sam/components/display/ili93xx/ili93xx.o
 .debug_frame   0x00000658       0x80 src/ASF/sam/drivers/ebi/smc/smc.o
 .debug_frame   0x000006d8      0x38c src/ASF/sam/drivers/pio/pio.o
 .debug_frame   0x00000a64       0xf4 src/ASF/sam/drivers/pio/pio_handler.o
 .debug_frame   0x00000b58      0x46c src/ASF/sam/drivers/pmc/pmc.o
 .debug_frame   0x00000fc4       0x60 src/ASF/sam/drivers/pmc/sleep.o
 .debug_frame   0x00001024      0x1a4 src/ASF/sam/drivers/tc/tc.o
 .debug_frame   0x000011c8      0x1bc src/ASF/sam/drivers/uart/uart.o
 .debug_frame   0x00001384      0x48c src/ASF/sam/drivers/usart/usart.o
 .debug_frame   0x00001810       0x38 src/ASF/sam/utils/cmsis/sam4s/source/templates/gcc/startup_sam4s.o
 .debug_frame   0x00001848       0x40 src/ASF/sam/utils/cmsis/sam4s/source/templates/system_sam4s.o
 .debug_frame   0x00001888       0xa8 src/ASF/sam/utils/syscalls/gcc/syscalls.o
 .debug_frame   0x00001930       0xc8 src/ili93xx_example.o
 .debug_frame   0x000019f8       0x2c c:/program files (x86)/atmel/studio/7.0/toolchain/arm/arm-gnu-toolchain/bin/../lib/gcc/arm-none-eabi/4.9.3/../../../../arm-none-eabi/lib/armv7e-m\libc.a(lib_a-init.o)
 .debug_frame   0x00001a24       0x34 c:/program files (x86)/atmel/studio/7.0/toolchain/arm/arm-gnu-toolchain/bin/../lib/gcc/arm-none-eabi/4.9.3/../../../../arm-none-eabi/lib/armv7e-m\libc.a(lib_a-memset.o)
 .debug_frame   0x00001a58       0x20 c:/program files (x86)/atmel/studio/7.0/toolchain/arm/arm-gnu-toolchain/bin/../lib/gcc/arm-none-eabi/4.9.3/../../../../arm-none-eabi/lib/armv7e-m\libc.a(lib_a-setbuf.o)
 .debug_frame   0x00001a78       0x30 c:/program files (x86)/atmel/studio/7.0/toolchain/arm/arm-gnu-toolchain/bin/../lib/gcc/arm-none-eabi/4.9.3/../../../../arm-none-eabi/lib/armv7e-m\libc.a(lib_a-setvbuf.o)
 .debug_frame   0x00001aa8       0x84 c:/program files (x86)/atmel/studio/7.0/toolchain/arm/arm-gnu-toolchain/bin/../lib/gcc/arm-none-eabi/4.9.3/../../../../arm-none-eabi/lib/armv7e-m\libc.a(lib_a-sprintf.o)
 .debug_frame   0x00001b2c       0x40 c:/program files (x86)/atmel/studio/7.0/toolchain/arm/arm-gnu-toolchain/bin/../lib/gcc/arm-none-eabi/4.9.3/../../../../arm-none-eabi/lib/armv7e-m\libc.a(lib_a-svfprintf.o)
 .debug_frame   0x00001b6c       0x50 c:/program files (x86)/atmel/studio/7.0/toolchain/arm/arm-gnu-toolchain/bin/../lib/gcc/arm-none-eabi/4.9.3/../../../../arm-none-eabi/lib/armv7e-m\libc.a(lib_a-__call_atexit.o)
 .debug_frame   0x00001bbc       0x20 c:/program files (x86)/atmel/studio/7.0/toolchain/arm/arm-gnu-toolchain/bin/../lib/gcc/arm-none-eabi/4.9.3/../../../../arm-none-eabi/lib/armv7e-m\libc.a(lib_a-atexit.o)
 .debug_frame   0x00001bdc       0x88 c:/program files (x86)/atmel/studio/7.0/toolchain/arm/arm-gnu-toolchain/bin/../lib/gcc/arm-none-eabi/4.9.3/../../../../arm-none-eabi/lib/armv7e-m\libc.a(lib_a-dtoa.o)
 .debug_frame   0x00001c64       0x6c c:/program files (x86)/atmel/studio/7.0/toolchain/arm/arm-gnu-toolchain/bin/../lib/gcc/arm-none-eabi/4.9.3/../../../../arm-none-eabi/lib/armv7e-m\libc.a(lib_a-fflush.o)
 .debug_frame   0x00001cd0      0x124 c:/program files (x86)/atmel/studio/7.0/toolchain/arm/arm-gnu-toolchain/bin/../lib/gcc/arm-none-eabi/4.9.3/../../../../arm-none-eabi/lib/armv7e-m\libc.a(lib_a-findfp.o)
 .debug_frame   0x00001df4       0x34 c:/program files (x86)/atmel/studio/7.0/toolchain/arm/arm-gnu-toolchain/bin/../lib/gcc/arm-none-eabi/4.9.3/../../../../arm-none-eabi/lib/armv7e-m\libc.a(lib_a-fini.o)
 .debug_frame   0x00001e28       0x74 c:/program files (x86)/atmel/studio/7.0/toolchain/arm/arm-gnu-toolchain/bin/../lib/gcc/arm-none-eabi/4.9.3/../../../../arm-none-eabi/lib/armv7e-m\libc.a(lib_a-freer.o)
 .debug_frame   0x00001e9c       0x54 c:/program files (x86)/atmel/studio/7.0/toolchain/arm/arm-gnu-toolchain/bin/../lib/gcc/arm-none-eabi/4.9.3/../../../../arm-none-eabi/lib/armv7e-m\libc.a(lib_a-fwalk.o)
 .debug_frame   0x00001ef0       0x9c c:/program files (x86)/atmel/studio/7.0/toolchain/arm/arm-gnu-toolchain/bin/../lib/gcc/arm-none-eabi/4.9.3/../../../../arm-none-eabi/lib/armv7e-m\libc.a(lib_a-locale.o)
 .debug_frame   0x00001f8c       0x30 c:/program files (x86)/atmel/studio/7.0/toolchain/arm/arm-gnu-toolchain/bin/../lib/gcc/arm-none-eabi/4.9.3/../../../../arm-none-eabi/lib/armv7e-m\libc.a(lib_a-malloc.o)
 .debug_frame   0x00001fbc       0x58 c:/program files (x86)/atmel/studio/7.0/toolchain/arm/arm-gnu-toolchain/bin/../lib/gcc/arm-none-eabi/4.9.3/../../../../arm-none-eabi/lib/armv7e-m\libc.a(lib_a-mallocr.o)
 .debug_frame   0x00002014       0x3c c:/program files (x86)/atmel/studio/7.0/toolchain/arm/arm-gnu-toolchain/bin/../lib/gcc/arm-none-eabi/4.9.3/../../../../arm-none-eabi/lib/armv7e-m\libc.a(lib_a-memchr.o)
 .debug_frame   0x00002050       0x30 c:/program files (x86)/atmel/studio/7.0/toolchain/arm/arm-gnu-toolchain/bin/../lib/gcc/arm-none-eabi/4.9.3/../../../../arm-none-eabi/lib/armv7e-m\libc.a(lib_a-memmove.o)
 .debug_frame   0x00002080       0x30 c:/program files (x86)/atmel/studio/7.0/toolchain/arm/arm-gnu-toolchain/bin/../lib/gcc/arm-none-eabi/4.9.3/../../../../arm-none-eabi/lib/armv7e-m\libc.a(lib_a-mlock.o)
 .debug_frame   0x000020b0      0x268 c:/program files (x86)/atmel/studio/7.0/toolchain/arm/arm-gnu-toolchain/bin/../lib/gcc/arm-none-eabi/4.9.3/../../../../arm-none-eabi/lib/armv7e-m\libc.a(lib_a-mprec.o)
 .debug_frame   0x00002318       0x60 c:/program files (x86)/atmel/studio/7.0/toolchain/arm/arm-gnu-toolchain/bin/../lib/gcc/arm-none-eabi/4.9.3/../../../../arm-none-eabi/lib/armv7e-m\libc.a(lib_a-reallocr.o)
 .debug_frame   0x00002378       0x34 c:/program files (x86)/atmel/studio/7.0/toolchain/arm/arm-gnu-toolchain/bin/../lib/gcc/arm-none-eabi/4.9.3/../../../../arm-none-eabi/lib/armv7e-m\libc.a(lib_a-s_fpclassify.o)